Archive member included to satisfy reference by file (symbol)

/glibc-tmp-122b61b301183a6bf6f977f7d13ad105/glibc-2.25/build-glibc-2.25/elf/rtld-libc.a(rtld-check_fds.os)
                              /glibc-tmp-122b61b301183a6bf6f977f7d13ad105/glibc-2.25/build-glibc-2.25/elf/dl-allobjs.os (__libc_check_standard_fds)
/glibc-tmp-122b61b301183a6bf6f977f7d13ad105/glibc-2.25/build-glibc-2.25/elf/rtld-libc.a(rtld-errno.os)
                              /glibc-tmp-122b61b301183a6bf6f977f7d13ad105/glibc-2.25/build-glibc-2.25/elf/dl-allobjs.os (rtld_errno)
/glibc-tmp-122b61b301183a6bf6f977f7d13ad105/glibc-2.25/build-glibc-2.25/elf/rtld-libc.a(rtld-closedir.os)
                              /glibc-tmp-122b61b301183a6bf6f977f7d13ad105/glibc-2.25/build-glibc-2.25/elf/dl-allobjs.os (__closedir)
/glibc-tmp-122b61b301183a6bf6f977f7d13ad105/glibc-2.25/build-glibc-2.25/elf/rtld-libc.a(rtld-readdir.os)
                              /glibc-tmp-122b61b301183a6bf6f977f7d13ad105/glibc-2.25/build-glibc-2.25/elf/dl-allobjs.os (__readdir)
/glibc-tmp-122b61b301183a6bf6f977f7d13ad105/glibc-2.25/build-glibc-2.25/elf/rtld-libc.a(rtld-rewinddir.os)
                              /glibc-tmp-122b61b301183a6bf6f977f7d13ad105/glibc-2.25/build-glibc-2.25/elf/dl-allobjs.os (__rewinddir)
/glibc-tmp-122b61b301183a6bf6f977f7d13ad105/glibc-2.25/build-glibc-2.25/elf/rtld-libc.a(rtld-getdents.os)
                              /glibc-tmp-122b61b301183a6bf6f977f7d13ad105/glibc-2.25/build-glibc-2.25/elf/rtld-libc.a(rtld-readdir.os) (__getdents)
/glibc-tmp-122b61b301183a6bf6f977f7d13ad105/glibc-2.25/build-glibc-2.25/elf/rtld-libc.a(rtld-fdopendir.os)
                              /glibc-tmp-122b61b301183a6bf6f977f7d13ad105/glibc-2.25/build-glibc-2.25/elf/dl-allobjs.os (__fdopendir)
/glibc-tmp-122b61b301183a6bf6f977f7d13ad105/glibc-2.25/build-glibc-2.25/elf/rtld-libc.a(rtld-dl-addr-obj.os)
                              /glibc-tmp-122b61b301183a6bf6f977f7d13ad105/glibc-2.25/build-glibc-2.25/elf/dl-allobjs.os (_dl_addr_inside_object)
/glibc-tmp-122b61b301183a6bf6f977f7d13ad105/glibc-2.25/build-glibc-2.25/elf/rtld-libc.a(rtld-profil.os)
                              /glibc-tmp-122b61b301183a6bf6f977f7d13ad105/glibc-2.25/build-glibc-2.25/elf/dl-allobjs.os (__profil)
/glibc-tmp-122b61b301183a6bf6f977f7d13ad105/glibc-2.25/build-glibc-2.25/elf/rtld-libc.a(rtld-prof-freq.os)
                              /glibc-tmp-122b61b301183a6bf6f977f7d13ad105/glibc-2.25/build-glibc-2.25/elf/dl-allobjs.os (__profile_frequency)
/glibc-tmp-122b61b301183a6bf6f977f7d13ad105/glibc-2.25/build-glibc-2.25/elf/rtld-libc.a(rtld-xstat.os)
                              /glibc-tmp-122b61b301183a6bf6f977f7d13ad105/glibc-2.25/build-glibc-2.25/elf/dl-allobjs.os (__GI___xstat64)
/glibc-tmp-122b61b301183a6bf6f977f7d13ad105/glibc-2.25/build-glibc-2.25/elf/rtld-libc.a(rtld-fxstat.os)
                              /glibc-tmp-122b61b301183a6bf6f977f7d13ad105/glibc-2.25/build-glibc-2.25/elf/dl-allobjs.os (__GI___fxstat64)
/glibc-tmp-122b61b301183a6bf6f977f7d13ad105/glibc-2.25/build-glibc-2.25/elf/rtld-libc.a(rtld-lxstat.os)
                              /glibc-tmp-122b61b301183a6bf6f977f7d13ad105/glibc-2.25/build-glibc-2.25/elf/dl-allobjs.os (__GI___lxstat64)
/glibc-tmp-122b61b301183a6bf6f977f7d13ad105/glibc-2.25/build-glibc-2.25/elf/rtld-libc.a(rtld-open.os)
                              /glibc-tmp-122b61b301183a6bf6f977f7d13ad105/glibc-2.25/build-glibc-2.25/elf/dl-allobjs.os (__open)
/glibc-tmp-122b61b301183a6bf6f977f7d13ad105/glibc-2.25/build-glibc-2.25/elf/rtld-libc.a(rtld-read.os)
                              /glibc-tmp-122b61b301183a6bf6f977f7d13ad105/glibc-2.25/build-glibc-2.25/elf/dl-allobjs.os (__libc_read)
/glibc-tmp-122b61b301183a6bf6f977f7d13ad105/glibc-2.25/build-glibc-2.25/elf/rtld-libc.a(rtld-write.os)
                              /glibc-tmp-122b61b301183a6bf6f977f7d13ad105/glibc-2.25/build-glibc-2.25/elf/dl-allobjs.os (__libc_write)
/glibc-tmp-122b61b301183a6bf6f977f7d13ad105/glibc-2.25/build-glibc-2.25/elf/rtld-libc.a(rtld-lseek64.os)
                              /glibc-tmp-122b61b301183a6bf6f977f7d13ad105/glibc-2.25/build-glibc-2.25/elf/dl-allobjs.os (__lseek)
/glibc-tmp-122b61b301183a6bf6f977f7d13ad105/glibc-2.25/build-glibc-2.25/elf/rtld-libc.a(rtld-access.os)
                              /glibc-tmp-122b61b301183a6bf6f977f7d13ad105/glibc-2.25/build-glibc-2.25/elf/dl-allobjs.os (__access)
/glibc-tmp-122b61b301183a6bf6f977f7d13ad105/glibc-2.25/build-glibc-2.25/elf/rtld-libc.a(rtld-fcntl.os)
                              /glibc-tmp-122b61b301183a6bf6f977f7d13ad105/glibc-2.25/build-glibc-2.25/elf/rtld-libc.a(rtld-check_fds.os) (__libc_fcntl)
/glibc-tmp-122b61b301183a6bf6f977f7d13ad105/glibc-2.25/build-glibc-2.25/elf/rtld-libc.a(rtld-close.os)
                              /glibc-tmp-122b61b301183a6bf6f977f7d13ad105/glibc-2.25/build-glibc-2.25/elf/dl-allobjs.os (__close)
/glibc-tmp-122b61b301183a6bf6f977f7d13ad105/glibc-2.25/build-glibc-2.25/elf/rtld-libc.a(rtld-mmap.os)
[...]
Memory Configuration

Name             Origin             Length             Attributes
*default*        0x0000000000000000 0xffffffffffffffff

Linker script and memory map

START GROUP
LOAD /glibc-tmp-122b61b301183a6bf6f977f7d13ad105/glibc-2.25/build-glibc-2.25/elf/dl-allobjs.os
LOAD /glibc-tmp-122b61b301183a6bf6f977f7d13ad105/glibc-2.25/build-glibc-2.25/elf/rtld-libc.a
LOAD /usr/lib64/gcc/x86_64-vlocity-linux/6.1.0/libgcc.a
END GROUP

.interp
 *(.interp)

.note.gnu.build-id
 *(.note.gnu.build-id)

.hash
 *(.hash)

.gnu.hash
 *(.gnu.hash)

.dynsym
 *(.dynsym)

.dynstr
 *(.dynstr)

.gnu.version
 *(.gnu.version)

.gnu.version_d
 *(.gnu.version_d)

.gnu.version_r
 *(.gnu.version_r)

.rela.init
 *(.rela.init)

.rela.text
 *(.rela.text)

.rela.fini
 *(.rela.fini)

.rela.rodata
 *(.rela.rodata)

.rela.data.rel.ro
 *(.rela.data.rel.ro)

.rela.data
 *(.rela.data)

.rela.tdata
 *(.rela.tdata)

.rela.tbss
 *(.rela.tbss)

.rela.ctors
 *(.rela.ctors)

.rela.dtors
 *(.rela.dtors)

.rela.got
 *(.rela.got)

.rela.bss
 *(.rela.bss)

.rela.ldata
 *(.rela.ldata)

.rela.lbss
 *(.rela.lbss)

.rela.lrodata
 *(.rela.lrodata)

.rela.ifunc
 *(.rela.ifunc)

.rela.plt
 *(.rela.plt)

.init
 *(SORT(.init))

.plt
 *(.plt)
 *(.iplt)

.plt.got
 *(.plt.got)

.plt.bnd
 *(.plt.bnd)

.text           0x0000000000000000    0x1d2b0
 *(.text .stub)
 .text          0x0000000000000000    0x19eb0 /glibc-tmp-122b61b301183a6bf6f977f7d13ad105/glibc-2.25/build-glibc-2.25/elf/dl-allobjs.os
                0x0000000000000000                _start
                0x0000000000000008                _dl_start_user
                0x00000000000069b0                _dl_dst_count
                0x0000000000006b80                _dl_dst_substitute
                0x0000000000007560                _dl_init_paths
                0x00000000000079e0                _dl_map_object
                0x0000000000008620                _dl_rtld_di_serinfo
                0x00000000000099a0                _dl_lookup_symbol_x
                0x000000000000ab10                _dl_setup_hash
                0x000000000000abc0                _dl_add_to_namespace_list
                0x000000000000ac50                _dl_new_object
                0x000000000000afc0                _dl_try_allocate_static_tls
                0x000000000000b0a0                _dl_allocate_static_tls
                0x000000000000b190                _dl_nothread_init_static_tls
                0x000000000000b1d0                _dl_protect_relro
                0x000000000000b230                _dl_reloc_bad_type
                0x000000000000b300                _dl_relocate_object
                0x000000000000d110                _dl_map_object_deps
                0x000000000000e390                _dl_important_hwcaps
                0x000000000000eba0                _dl_fixup
                0x000000000000ed70                _dl_profile_fixup
                0x000000000000f370                _dl_call_pltexit
                0x000000000000f5a0                _dl_init
                0x000000000000f6d0                _dl_sort_fini
                0x000000000000f920                _dl_fini
                0x000000000000ff00                _dl_debug_state
                0x000000000000ff00                __GI__dl_debug_state
                0x000000000000ff10                _dl_debug_initialize
                0x0000000000010570                _dl_sysdep_read_whole_file
                0x0000000000010600                _dl_debug_printf
                0x00000000000106b0                _dl_debug_printf_c
                0x0000000000010760                _dl_dprintf
                0x0000000000010800                _dl_name_match_p
                0x0000000000010870                _dl_higher_prime_number
                0x0000000000010cb0                _dl_check_map_versions
                0x0000000000011140                _dl_check_all_versions
                0x00000000000111b0                _dl_start_profile
                0x00000000000119a0                __GI__dl_mcount
                0x00000000000119a0                _dl_mcount
                0x0000000000011c00                _dl_resolve_conflicts
                0x0000000000011f80                _dl_next_tls_modid
                0x0000000000012080                _dl_count_modids
                0x00000000000120e0                _dl_determine_tlsoffset
                0x0000000000012290                _dl_get_tls_static_info
                0x00000000000122b0                _dl_allocate_tls_storage
                0x0000000000012370                __GI__dl_allocate_tls_init
                0x0000000000012370                _dl_allocate_tls_init
                0x0000000000012680                __GI__dl_allocate_tls
                0x0000000000012680                _dl_allocate_tls
                0x00000000000126f0                _dl_deallocate_tls
                0x00000000000126f0                __GI__dl_deallocate_tls
                0x0000000000012770                _dl_update_slotinfo
                0x0000000000012ac0                __GI___tls_get_addr
                0x0000000000012ac0                __tls_get_addr
                0x0000000000012b00                _dl_tls_get_addr_soft
                0x0000000000012b80                _dl_add_to_slotinfo
                0x0000000000012c60                _dl_get_origin
                0x0000000000012de0                _dl_scope_free
                0x0000000000012ea0                _dl_make_stack_executable
                0x0000000000012ea0                __GI__dl_make_stack_executable
                0x0000000000012f30                _dl_check_caller
                0x0000000000013950                __GI__dl_find_dso_for_object
                0x0000000000013950                _dl_find_dso_for_object
                0x0000000000013a10                _dl_open
                0x0000000000014070                _dl_show_scope
                0x0000000000015db0                _dl_close_worker
                0x0000000000015e40                _dl_close
                0x0000000000015f20                _dl_runtime_resolve_avx512_opt
                0x0000000000015f50                _dl_runtime_resolve_avx512
                0x00000000000160c0                _dl_runtime_profile_avx512
                0x0000000000016540                _dl_runtime_resolve_avx_slow
                0x0000000000016580                _dl_runtime_resolve_avx_opt
                0x00000000000165a0                _dl_runtime_resolve_avx
                0x0000000000016700                _dl_runtime_profile_avx
                0x0000000000016b80                _dl_runtime_resolve_sse
                0x0000000000016cc0                _dl_runtime_profile_sse
                0x0000000000016ec0                _dl_runtime_resolve_sse_vex
                0x0000000000017010                _dl_cache_libcmp
                0x0000000000017100                _dl_load_cache_lookup
                0x00000000000178b0                _dl_unload_cache
                0x00000000000178f0                _dl_make_tlsdesc_dynamic
                0x0000000000017bc0                _dl_tlsdesc_resolve_rela_fixup
                0x0000000000017d80                _dl_tlsdesc_resolve_hold_fixup
                0x0000000000017dc0                _dl_unmap
                0x0000000000017e40                _dl_tlsdesc_return
                0x0000000000017e50                _dl_tlsdesc_undefweak
                0x0000000000017e60                _dl_tlsdesc_dynamic
                0x0000000000017f00                _dl_tlsdesc_resolve_rela
                0x0000000000017f70                _dl_tlsdesc_resolve_hold
                0x0000000000017ff0                __get_cpu_features
                0x0000000000018150                _dl_sysdep_start
                0x0000000000018800                _dl_sysdep_start_cleanup
                0x0000000000018810                _dl_show_auxv
                0x00000000000189b0                _dl_discover_osversion
                0x0000000000018b90                _dl_next_ld_env_entry
                0x0000000000018be0                unsetenv
                0x0000000000018c50                malloc
                0x0000000000018d60                calloc
                0x0000000000018da0                free
                0x0000000000018dd0                __sigjmp_save
                0x0000000000018de0                __strerror_r
                0x0000000000018ec0                __GI___libc_fatal
                0x0000000000018ec0                __libc_fatal
                0x0000000000018ef0                __GI___chk_fail
                0x0000000000018ef0                __chk_fail
                0x0000000000018f00                __GI___assert_fail
                0x0000000000018f00                __assert_fail
                0x0000000000018f50                realloc
                0x0000000000018fe0                __GI___assert_perror_fail
                0x0000000000018fe0                __assert_perror_fail
                0x0000000000019050                __strtoul_internal
                0x0000000000019230                _itoa
                0x0000000000019280                __strsep
                0x0000000000019280                strsep
                0x0000000000019280                __strsep_g
                0x0000000000019300                _dl_signal_error
                0x00000000000194b0                _dl_signal_cerror
                0x0000000000019540                _dl_catch_error
                0x0000000000019610                _dl_receive_error
                0x0000000000019650                __brk
                0x0000000000019650                brk
                0x00000000000196a0                sbrk
                0x00000000000196a0                __sbrk
                0x0000000000019730                __getcwd
                0x0000000000019730                getcwd
                0x0000000000019ba0                openat64
                0x0000000000019c10                __opendir
                0x0000000000019c10                opendir
                0x0000000000019d60                __alloc_dir
                0x0000000000019e60                __fxstatat
                0x0000000000019e60                __fxstatat64
                0x0000000000019e60                __GI___fxstatat64
 .text          0x0000000000019eb0      0x193 /glibc-tmp-122b61b301183a6bf6f977f7d13ad105/glibc-2.25/build-glibc-2.25/elf/rtld-libc.a(rtld-check_fds.os)
                0x0000000000019eb0                __libc_check_standard_fds
 .text          0x000000000001a043        0x0 /glibc-tmp-122b61b301183a6bf6f977f7d13ad105/glibc-2.25/build-glibc-2.25/elf/rtld-libc.a(rtld-errno.os)
 *fill*         0x000000000001a043        0xd 
 .text          0x000000000001a050       0x50 /glibc-tmp-122b61b301183a6bf6f977f7d13ad105/glibc-2.25/build-glibc-2.25/elf/rtld-libc.a(rtld-closedir.os)
                0x000000000001a050                __closedir
                0x000000000001a050                closedir
 .text          0x000000000001a0a0       0x8d /glibc-tmp-122b61b301183a6bf6f977f7d13ad105/glibc-2.25/build-glibc-2.25/elf/rtld-libc.a(rtld-readdir.os)
                0x000000000001a0a0                readdir
                0x000000000001a0a0                __readdir64
                0x000000000001a0a0                __readdir
                0x000000000001a0a0                readdir64
 *fill*         0x000000000001a12d        0x3 
 .text          0x000000000001a130       0x30 /glibc-tmp-122b61b301183a6bf6f977f7d13ad105/glibc-2.25/build-glibc-2.25/elf/rtld-libc.a(rtld-rewinddir.os)
                0x000000000001a130                rewinddir
                0x000000000001a130                __rewinddir
 .text          0x000000000001a160       0x89 /glibc-tmp-122b61b301183a6bf6f977f7d13ad105/glibc-2.25/build-glibc-2.25/elf/rtld-libc.a(rtld-getdents.os)
                0x000000000001a160                __getdents
                0x000000000001a160                __getdents64
 *fill*         0x000000000001a1e9        0x7 
 .text          0x000000000001a1f0       0x8e /glibc-tmp-122b61b301183a6bf6f977f7d13ad105/glibc-2.25/build-glibc-2.25/elf/rtld-libc.a(rtld-fdopendir.os)
                0x000000000001a1f0                fdopendir
                0x000000000001a1f0                __fdopendir
 *fill*         0x000000000001a27e        0x2 
 .text          0x000000000001a280       0x53 /glibc-tmp-122b61b301183a6bf6f977f7d13ad105/glibc-2.25/build-glibc-2.25/elf/rtld-libc.a(rtld-dl-addr-obj.os)
                0x000000000001a280                _dl_addr_inside_object
 *fill*         0x000000000001a2d3        0xd 
 .text          0x000000000001a2e0      0x144 /glibc-tmp-122b61b301183a6bf6f977f7d13ad105/glibc-2.25/build-glibc-2.25/elf/rtld-libc.a(rtld-profil.os)
                0x000000000001a330                __profil
                0x000000000001a330                profil
 *fill*         0x000000000001a424        0xc 
 .text          0x000000000001a430        0x7 /glibc-tmp-122b61b301183a6bf6f977f7d13ad105/glibc-2.25/build-glibc-2.25/elf/rtld-libc.a(rtld-prof-freq.os)
                0x000000000001a430                __profile_frequency
 *fill*         0x000000000001a437        0x9 
 .text          0x000000000001a440       0x40 /glibc-tmp-122b61b301183a6bf6f977f7d13ad105/glibc-2.25/build-glibc-2.25/elf/rtld-libc.a(rtld-xstat.os)
                0x000000000001a440                _xstat
                0x000000000001a440                __xstat64
                0x000000000001a440                __GI___xstat64
                0x000000000001a440                __GI___xstat
                0x000000000001a440                __xstat
 .text          0x000000000001a480       0x40 /glibc-tmp-122b61b301183a6bf6f977f7d13ad105/glibc-2.25/build-glibc-2.25/elf/rtld-libc.a(rtld-fxstat.os)
                0x000000000001a480                __GI___fxstat
                0x000000000001a480                __GI___fxstat64
                0x000000000001a480                __fxstat64
                0x000000000001a480                _fxstat
                0x000000000001a480                __fxstat
 .text          0x000000000001a4c0       0x40 /glibc-tmp-122b61b301183a6bf6f977f7d13ad105/glibc-2.25/build-glibc-2.25/elf/rtld-libc.a(rtld-lxstat.os)
                0x000000000001a4c0                __GI___lxstat
                0x000000000001a4c0                _lxstat
                0x000000000001a4c0                __lxstat
                0x000000000001a4c0                __lxstat64
                0x000000000001a4c0                __GI___lxstat64
 .text          0x000000000001a500       0x20 /glibc-tmp-122b61b301183a6bf6f977f7d13ad105/glibc-2.25/build-glibc-2.25/elf/rtld-libc.a(rtld-open.os)
                0x000000000001a500                __GI___open64
                0x000000000001a500                __open
                0x000000000001a500                __GI_open
                0x000000000001a500                __GI___open
                0x000000000001a500                __GI_open64
                0x000000000001a500                __libc_open
                0x000000000001a500                open64
                0x000000000001a500                __GI___libc_open
                0x000000000001a500                open
                0x000000000001a500                __open64
 .text          0x000000000001a520       0x20 /glibc-tmp-122b61b301183a6bf6f977f7d13ad105/glibc-2.25/build-glibc-2.25/elf/rtld-libc.a(rtld-read.os)
                0x000000000001a520                __read
                0x000000000001a520                __GI_read
                0x000000000001a520                __libc_read
                0x000000000001a520                __GI___read
                0x000000000001a520                read
                0x000000000001a520                __GI___libc_read
 .text          0x000000000001a540       0x20 /glibc-tmp-122b61b301183a6bf6f977f7d13ad105/glibc-2.25/build-glibc-2.25/elf/rtld-libc.a(rtld-write.os)
                0x000000000001a540                __write
                0x000000000001a540                __GI_write
                0x000000000001a540                write
                0x000000000001a540                __GI___libc_write
                0x000000000001a540                __GI___write
                0x000000000001a540                __libc_write
 .text          0x000000000001a560       0x30 /glibc-tmp-122b61b301183a6bf6f977f7d13ad105/glibc-2.25/build-glibc-2.25/elf/rtld-libc.a(rtld-lseek64.os)
                0x000000000001a560                __lseek64
                0x000000000001a560                lseek
                0x000000000001a560                __libc_lseek64
                0x000000000001a560                llseek
                0x000000000001a560                __lseek
                0x000000000001a560                __libc_lseek
                0x000000000001a560                lseek64
 .text          0x000000000001a590       0x46 /glibc-tmp-122b61b301183a6bf6f977f7d13ad105/glibc-2.25/build-glibc-2.25/elf/rtld-libc.a(rtld-access.os)
                0x000000000001a590                __access_noerrno
                0x000000000001a5b0                access
                0x000000000001a5b0                __access
 *fill*         0x000000000001a5d6        0xa 
 .text          0x000000000001a5e0       0x7e /glibc-tmp-122b61b301183a6bf6f977f7d13ad105/glibc-2.25/build-glibc-2.25/elf/rtld-libc.a(rtld-fcntl.os)
                0x000000000001a5e0                __libc_fcntl
                0x000000000001a5e0                __fcntl
                0x000000000001a5e0                fcntl
 *fill*         0x000000000001a65e        0x2 
 .text          0x000000000001a660       0x20 /glibc-tmp-122b61b301183a6bf6f977f7d13ad105/glibc-2.25/build-glibc-2.25/elf/rtld-libc.a(rtld-close.os)
                0x000000000001a660                __GI_close
                0x000000000001a660                __GI___libc_close
                0x000000000001a660                __libc_close
                0x000000000001a660                __close
                0x000000000001a660                __GI___close
                0x000000000001a660                close
 .text          0x000000000001a680       0xae /glibc-tmp-122b61b301183a6bf6f977f7d13ad105/glibc-2.25/build-glibc-2.25/elf/rtld-libc.a(rtld-mmap.os)
                0x000000000001a680                __mmap
                0x000000000001a680                mmap
                0x000000000001a680                __mmap64
                0x000000000001a680                mmap64
 *fill*         0x000000000001a72e        0x2 
 .text          0x000000000001a730       0x20 /glibc-tmp-122b61b301183a6bf6f977f7d13ad105/glibc-2.25/build-glibc-2.25/elf/rtld-libc.a(rtld-munmap.os)
                0x000000000001a730                munmap
                0x000000000001a730                __GI___munmap
                0x000000000001a730                __GI_munmap
                0x000000000001a730                __munmap
 .text          0x000000000001a750       0x20 /glibc-tmp-122b61b301183a6bf6f977f7d13ad105/glibc-2.25/build-glibc-2.25/elf/rtld-libc.a(rtld-mprotect.os)
                0x000000000001a750                __mprotect
                0x000000000001a750                __GI___mprotect
                0x000000000001a750                __GI_mprotect
                0x000000000001a750                mprotect
 .text          0x000000000001a770       0x20 /glibc-tmp-122b61b301183a6bf6f977f7d13ad105/glibc-2.25/build-glibc-2.25/elf/rtld-libc.a(rtld-uname.os)
                0x000000000001a770                uname
                0x000000000001a770                __GI_uname
                0x000000000001a770                __uname
                0x000000000001a770                __GI___uname
 .text          0x000000000001a790       0x4a /glibc-tmp-122b61b301183a6bf6f977f7d13ad105/glibc-2.25/build-glibc-2.25/elf/rtld-libc.a(rtld-_exit.os)
                0x000000000001a790                _Exit
                0x000000000001a790                __GI__exit
                0x000000000001a790                _exit
 *fill*         0x000000000001a7da        0x6 
 .text          0x000000000001a7e0        0x8 /glibc-tmp-122b61b301183a6bf6f977f7d13ad105/glibc-2.25/build-glibc-2.25/elf/rtld-libc.a(rtld-getpid.os)
                0x000000000001a7e0                __getpid
                0x000000000001a7e0                getpid
                0x000000000001a7e0                __GI_getpid
                0x000000000001a7e0                __GI___getpid
 .text          0x000000000001a7e8        0x0 /glibc-tmp-122b61b301183a6bf6f977f7d13ad105/glibc-2.25/build-glibc-2.25/elf/rtld-libc.a(rtld-environ.os)
 *fill*         0x000000000001a7e8        0x8 
 .text          0x000000000001a7f0       0x4f /glibc-tmp-122b61b301183a6bf6f977f7d13ad105/glibc-2.25/build-glibc-2.25/elf/rtld-libc.a(rtld-setjmp.os)
                0x000000000001a7f0                __sigsetjmp
                0x000000000001a7f0                __GI___sigsetjmp
 *fill*         0x000000000001a83f        0x1 
 .text          0x000000000001a840       0x4a /glibc-tmp-122b61b301183a6bf6f977f7d13ad105/glibc-2.25/build-glibc-2.25/elf/rtld-libc.a(rtld-__longjmp.os)
                0x000000000001a840                __longjmp
 *fill*         0x000000000001a88a        0x6 
 .text          0x000000000001a890      0x270 /glibc-tmp-122b61b301183a6bf6f977f7d13ad105/glibc-2.25/build-glibc-2.25/elf/rtld-libc.a(rtld-sigaction.os)
                0x000000000001a8b0                __libc_sigaction
                0x000000000001aae0                sigaction
                0x000000000001aae0                __sigaction
 .text          0x000000000001ab00      0x21a /glibc-tmp-122b61b301183a6bf6f977f7d13ad105/glibc-2.25/build-glibc-2.25/elf/rtld-libc.a(rtld-strchr.os)
                0x000000000001ab00                index
                0x000000000001ab00                strchr
 *fill*         0x000000000001ad1a        0x6 
 .text          0x000000000001ad20     0x1439 /glibc-tmp-122b61b301183a6bf6f977f7d13ad105/glibc-2.25/build-glibc-2.25/elf/rtld-libc.a(rtld-strcmp.os)
                0x000000000001ad20                strcmp
 *fill*         0x000000000001c159        0x7 
 .text          0x000000000001c160       0x41 /glibc-tmp-122b61b301183a6bf6f977f7d13ad105/glibc-2.25/build-glibc-2.25/elf/rtld-libc.a(rtld-strdup.os)
                0x000000000001c160                __strdup
                0x000000000001c160                strdup
 *fill*         0x000000000001c1a1        0xf 
 .text          0x000000000001c1b0      0x19c /glibc-tmp-122b61b301183a6bf6f977f7d13ad105/glibc-2.25/build-glibc-2.25/elf/rtld-libc.a(rtld-strlen.os)
                0x000000000001c1b0                strlen
 *fill*         0x000000000001c34c        0x4 
 .text          0x000000000001c350      0x218 /glibc-tmp-122b61b301183a6bf6f977f7d13ad105/glibc-2.25/build-glibc-2.25/elf/rtld-libc.a(rtld-strnlen.os)
                0x000000000001c350                __strnlen
                0x000000000001c350                strnlen
 *fill*         0x000000000001c568        0x8 
 .text          0x000000000001c570      0x354 /glibc-tmp-122b61b301183a6bf6f977f7d13ad105/glibc-2.25/build-glibc-2.25/elf/rtld-libc.a(rtld-memchr.os)
                0x000000000001c570                memchr
                0x000000000001c570                __memchr
 *fill*         0x000000000001c8c4        0xc 
 .text          0x000000000001c8d0      0x400 /glibc-tmp-122b61b301183a6bf6f977f7d13ad105/glibc-2.25/build-glibc-2.25/elf/rtld-libc.a(rtld-memcmp.os)
                0x000000000001c8d0                bcmp
                0x000000000001c8d0                memcmp
 .text          0x000000000001ccd0      0x1ed /glibc-tmp-122b61b301183a6bf6f977f7d13ad105/glibc-2.25/build-glibc-2.25/elf/rtld-libc.a(rtld-memmove.os)
                0x000000000001ccd0                mempcpy
                0x000000000001ccd0                __mempcpy
                0x000000000001cce0                memmove
                0x000000000001cce0                memcpy
 *fill*         0x000000000001cebd        0x3 
 .text          0x000000000001cec0       0xda /glibc-tmp-122b61b301183a6bf6f977f7d13ad105/glibc-2.25/build-glibc-2.25/elf/rtld-libc.a(rtld-memset.os)
                0x000000000001cec0                memset
 *fill*         0x000000000001cf9a        0x6 
 .text          0x000000000001cfa0       0xdc /glibc-tmp-122b61b301183a6bf6f977f7d13ad105/glibc-2.25/build-glibc-2.25/elf/rtld-libc.a(rtld-stpcpy.os)
                0x000000000001cfa0                stpcpy
                0x000000000001cfa0                __stpcpy
 *fill*         0x000000000001d07c        0x4 
 .text          0x000000000001d080      0x204 /glibc-tmp-122b61b301183a6bf6f977f7d13ad105/glibc-2.25/build-glibc-2.25/elf/rtld-libc.a(rtld-rawmemchr.os)
                0x000000000001d080                __rawmemchr
                0x000000000001d080                rawmemchr
 *fill*         0x000000000001d284        0xc 
 .text          0x000000000001d290       0x20 /glibc-tmp-122b61b301183a6bf6f977f7d13ad105/glibc-2.25/build-glibc-2.25/elf/rtld-libc.a(rtld-setitimer.os)
                0x000000000001d290                setitimer
                0x000000000001d290                __setitimer
                0x000000000001d290                __GI_setitimer
                0x000000000001d290                __GI___setitimer
 *(.gnu.warning)

.text.unlikely  0x0000000000000000      0x1fc
 .text.unlikely
                0x0000000000000000      0x1fc /glibc-tmp-122b61b301183a6bf6f977f7d13ad105/glibc-2.25/build-glibc-2.25/elf/dl-allobjs.os

.fini
 *(SORT(.fini))

.rodata         0x0000000000000000      0xcf0
 *(.rodata)
 .rodata        0x0000000000000000      0xcb0 /glibc-tmp-122b61b301183a6bf6f977f7d13ad105/glibc-2.25/build-glibc-2.25/elf/dl-allobjs.os
                0x0000000000000ca0                __GI__itoa_lower_digits
                0x0000000000000ca0                _itoa_lower_digits
 .rodata        0x0000000000000cb0       0x40 /glibc-tmp-122b61b301183a6bf6f977f7d13ad105/glibc-2.25/build-glibc-2.25/elf/rtld-libc.a(rtld-strcmp.os)

.rodata.str1.1  0x0000000000000000      0xf2a
 .rodata.str1.1
                0x0000000000000000      0xf16 /glibc-tmp-122b61b301183a6bf6f977f7d13ad105/glibc-2.25/build-glibc-2.25/elf/dl-allobjs.os
 .rodata.str1.1
                0x0000000000000f16       0x14 /glibc-tmp-122b61b301183a6bf6f977f7d13ad105/glibc-2.25/build-glibc-2.25/elf/rtld-libc.a(rtld-check_fds.os)

.rodata.str1.8  0x0000000000000000     0x2231
 .rodata.str1.8
                0x0000000000000000     0x2231 /glibc-tmp-122b61b301183a6bf6f977f7d13ad105/glibc-2.25/build-glibc-2.25/elf/dl-allobjs.os

.rodata.str1.16
                0x0000000000000000      0x373
 .rodata.str1.16
                0x0000000000000000      0x373 /glibc-tmp-122b61b301183a6bf6f977f7d13ad105/glibc-2.25/build-glibc-2.25/elf/dl-allobjs.os

.rodata.cst16   0x0000000000000000       0x20
 .rodata.cst16  0x0000000000000000       0x20 /glibc-tmp-122b61b301183a6bf6f977f7d13ad105/glibc-2.25/build-glibc-2.25/elf/dl-allobjs.os

.rodata.cst4    0x0000000000000000        0x4
 .rodata.cst4   0x0000000000000000        0x4 /glibc-tmp-122b61b301183a6bf6f977f7d13ad105/glibc-2.25/build-glibc-2.25/elf/dl-allobjs.os

.rodata.str1.32
                0x0000000000000000       0x3b
 .rodata.str1.32
                0x0000000000000000       0x3b /glibc-tmp-122b61b301183a6bf6f977f7d13ad105/glibc-2.25/build-glibc-2.25/elf/dl-allobjs.os

.rodata1
 *(.rodata1)

.eh_frame_hdr
 *(.eh_frame_hdr)

.eh_frame       0x0000000000000000     0x2a58
 *(.eh_frame)
 .eh_frame      0x0000000000000000     0x20c8 /glibc-tmp-122b61b301183a6bf6f977f7d13ad105/glibc-2.25/build-glibc-2.25/elf/dl-allobjs.os
 .eh_frame      0x00000000000020c8       0x38 /glibc-tmp-122b61b301183a6bf6f977f7d13ad105/glibc-2.25/build-glibc-2.25/elf/rtld-libc.a(rtld-check_fds.os)
 .eh_frame      0x0000000000002100       0x40 /glibc-tmp-122b61b301183a6bf6f977f7d13ad105/glibc-2.25/build-glibc-2.25/elf/rtld-libc.a(rtld-closedir.os)
 .eh_frame      0x0000000000002140       0x48 /glibc-tmp-122b61b301183a6bf6f977f7d13ad105/glibc-2.25/build-glibc-2.25/elf/rtld-libc.a(rtld-readdir.os)
 .eh_frame      0x0000000000002188       0x38 /glibc-tmp-122b61b301183a6bf6f977f7d13ad105/glibc-2.25/build-glibc-2.25/elf/rtld-libc.a(rtld-rewinddir.os)
 .eh_frame      0x00000000000021c0       0x68 /glibc-tmp-122b61b301183a6bf6f977f7d13ad105/glibc-2.25/build-glibc-2.25/elf/rtld-libc.a(rtld-getdents.os)
 .eh_frame      0x0000000000002228       0x50 /glibc-tmp-122b61b301183a6bf6f977f7d13ad105/glibc-2.25/build-glibc-2.25/elf/rtld-libc.a(rtld-fdopendir.os)
 .eh_frame      0x0000000000002278       0x30 /glibc-tmp-122b61b301183a6bf6f977f7d13ad105/glibc-2.25/build-glibc-2.25/elf/rtld-libc.a(rtld-dl-addr-obj.os)
 .eh_frame      0x00000000000022a8       0x58 /glibc-tmp-122b61b301183a6bf6f977f7d13ad105/glibc-2.25/build-glibc-2.25/elf/rtld-libc.a(rtld-profil.os)
                                         0x50 (size before relaxing)
 .eh_frame      0x0000000000002300       0x30 /glibc-tmp-122b61b301183a6bf6f977f7d13ad105/glibc-2.25/build-glibc-2.25/elf/rtld-libc.a(rtld-prof-freq.os)
 .eh_frame      0x0000000000002330       0x30 /glibc-tmp-122b61b301183a6bf6f977f7d13ad105/glibc-2.25/build-glibc-2.25/elf/rtld-libc.a(rtld-xstat.os)
 .eh_frame      0x0000000000002360       0x30 /glibc-tmp-122b61b301183a6bf6f977f7d13ad105/glibc-2.25/build-glibc-2.25/elf/rtld-libc.a(rtld-fxstat.os)
 .eh_frame      0x0000000000002390       0x30 /glibc-tmp-122b61b301183a6bf6f977f7d13ad105/glibc-2.25/build-glibc-2.25/elf/rtld-libc.a(rtld-lxstat.os)
 .eh_frame      0x00000000000023c0       0x30 /glibc-tmp-122b61b301183a6bf6f977f7d13ad105/glibc-2.25/build-glibc-2.25/elf/rtld-libc.a(rtld-open.os)
 .eh_frame      0x00000000000023f0       0x30 /glibc-tmp-122b61b301183a6bf6f977f7d13ad105/glibc-2.25/build-glibc-2.25/elf/rtld-libc.a(rtld-read.os)
 .eh_frame      0x0000000000002420       0x30 /glibc-tmp-122b61b301183a6bf6f977f7d13ad105/glibc-2.25/build-glibc-2.25/elf/rtld-libc.a(rtld-write.os)
 .eh_frame      0x0000000000002450       0x30 /glibc-tmp-122b61b301183a6bf6f977f7d13ad105/glibc-2.25/build-glibc-2.25/elf/rtld-libc.a(rtld-lseek64.os)
 .eh_frame      0x0000000000002480       0x48 /glibc-tmp-122b61b301183a6bf6f977f7d13ad105/glibc-2.25/build-glibc-2.25/elf/rtld-libc.a(rtld-access.os)
                                         0x40 (size before relaxing)
 .eh_frame      0x00000000000024c8       0x30 /glibc-tmp-122b61b301183a6bf6f977f7d13ad105/glibc-2.25/build-glibc-2.25/elf/rtld-libc.a(rtld-fcntl.os)
 .eh_frame      0x00000000000024f8       0x30 /glibc-tmp-122b61b301183a6bf6f977f7d13ad105/glibc-2.25/build-glibc-2.25/elf/rtld-libc.a(rtld-close.os)
 .eh_frame      0x0000000000002528       0x60 /glibc-tmp-122b61b301183a6bf6f977f7d13ad105/glibc-2.25/build-glibc-2.25/elf/rtld-libc.a(rtld-mmap.os)
 .eh_frame      0x0000000000002588       0x30 /glibc-tmp-122b61b301183a6bf6f977f7d13ad105/glibc-2.25/build-glibc-2.25/elf/rtld-libc.a(rtld-munmap.os)
 .eh_frame      0x00000000000025b8       0x30 /glibc-tmp-122b61b301183a6bf6f977f7d13ad105/glibc-2.25/build-glibc-2.25/elf/rtld-libc.a(rtld-mprotect.os)
 .eh_frame      0x00000000000025e8       0x30 /glibc-tmp-122b61b301183a6bf6f977f7d13ad105/glibc-2.25/build-glibc-2.25/elf/rtld-libc.a(rtld-uname.os)
 .eh_frame      0x0000000000002618       0x30 /glibc-tmp-122b61b301183a6bf6f977f7d13ad105/glibc-2.25/build-glibc-2.25/elf/rtld-libc.a(rtld-_exit.os)
 .eh_frame      0x0000000000002648       0x30 /glibc-tmp-122b61b301183a6bf6f977f7d13ad105/glibc-2.25/build-glibc-2.25/elf/rtld-libc.a(rtld-getpid.os)
 .eh_frame      0x0000000000002678       0x30 /glibc-tmp-122b61b301183a6bf6f977f7d13ad105/glibc-2.25/build-glibc-2.25/elf/rtld-libc.a(rtld-setjmp.os)
 .eh_frame      0x00000000000026a8       0x48 /glibc-tmp-122b61b301183a6bf6f977f7d13ad105/glibc-2.25/build-glibc-2.25/elf/rtld-libc.a(rtld-__longjmp.os)
 .eh_frame      0x00000000000026f0       0xf0 /glibc-tmp-122b61b301183a6bf6f977f7d13ad105/glibc-2.25/build-glibc-2.25/elf/rtld-libc.a(rtld-sigaction.os)
                                         0xe8 (size before relaxing)
 .eh_frame      0x00000000000027e0       0x30 /glibc-tmp-122b61b301183a6bf6f977f7d13ad105/glibc-2.25/build-glibc-2.25/elf/rtld-libc.a(rtld-strchr.os)
 .eh_frame      0x0000000000002810       0x30 /glibc-tmp-122b61b301183a6bf6f977f7d13ad105/glibc-2.25/build-glibc-2.25/elf/rtld-libc.a(rtld-strcmp.os)
 .eh_frame      0x0000000000002840       0x50 /glibc-tmp-122b61b301183a6bf6f977f7d13ad105/glibc-2.25/build-glibc-2.25/elf/rtld-libc.a(rtld-strdup.os)
 .eh_frame      0x0000000000002890       0x30 /glibc-tmp-122b61b301183a6bf6f977f7d13ad105/glibc-2.25/build-glibc-2.25/elf/rtld-libc.a(rtld-strlen.os)
 .eh_frame      0x00000000000028c0       0x30 /glibc-tmp-122b61b301183a6bf6f977f7d13ad105/glibc-2.25/build-glibc-2.25/elf/rtld-libc.a(rtld-strnlen.os)
 .eh_frame      0x00000000000028f0       0x30 /glibc-tmp-122b61b301183a6bf6f977f7d13ad105/glibc-2.25/build-glibc-2.25/elf/rtld-libc.a(rtld-memchr.os)
 .eh_frame      0x0000000000002920       0x30 /glibc-tmp-122b61b301183a6bf6f977f7d13ad105/glibc-2.25/build-glibc-2.25/elf/rtld-libc.a(rtld-memcmp.os)
 .eh_frame      0x0000000000002950       0x48 /glibc-tmp-122b61b301183a6bf6f977f7d13ad105/glibc-2.25/build-glibc-2.25/elf/rtld-libc.a(rtld-memmove.os)
                                         0x40 (size before relaxing)
 .eh_frame      0x0000000000002998       0x30 /glibc-tmp-122b61b301183a6bf6f977f7d13ad105/glibc-2.25/build-glibc-2.25/elf/rtld-libc.a(rtld-memset.os)
 .eh_frame      0x00000000000029c8       0x30 /glibc-tmp-122b61b301183a6bf6f977f7d13ad105/glibc-2.25/build-glibc-2.25/elf/rtld-libc.a(rtld-stpcpy.os)
 .eh_frame      0x00000000000029f8       0x30 /glibc-tmp-122b61b301183a6bf6f977f7d13ad105/glibc-2.25/build-glibc-2.25/elf/rtld-libc.a(rtld-rawmemchr.os)
 .eh_frame      0x0000000000002a28       0x30 /glibc-tmp-122b61b301183a6bf6f977f7d13ad105/glibc-2.25/build-glibc-2.25/elf/rtld-libc.a(rtld-setitimer.os)

.gcc_except_table
 *(.gcc_except_table .gcc_except_table.*)

.gnu_extab
 *(.gnu_extab*)

.exception_ranges
 *(.exception_ranges .exception_ranges*)

.eh_frame
 *(.eh_frame)

.gnu_extab
 *(.gnu_extab)

.gcc_except_table
 *(.gcc_except_table .gcc_except_table.*)

.exception_ranges
 *(.exception_ranges .exception_ranges*)

.tdata
 *(.tdata)

.tbss
 *(.tbss)

.preinit_array
 *(.preinit_array)

.jcr
 *(.jcr)

.dynamic
 *(.dynamic)

.got
 *(.got)
 *(.igot)

.got.plt
 *(.got.plt)
 *(.igot.plt)

.data           0x0000000000000000      0xf78
 *(.data)
 .data          0x0000000000000000      0xf78 /glibc-tmp-122b61b301183a6bf6f977f7d13ad105/glibc-2.25/build-glibc-2.25/elf/dl-allobjs.os
                0x0000000000000000                _rtld_global
                0x0000000000000000                _rtld_local
 .data          0x0000000000000f78        0x0 /glibc-tmp-122b61b301183a6bf6f977f7d13ad105/glibc-2.25/build-glibc-2.25/elf/rtld-libc.a(rtld-check_fds.os)
 .data          0x0000000000000f78        0x0 /glibc-tmp-122b61b301183a6bf6f977f7d13ad105/glibc-2.25/build-glibc-2.25/elf/rtld-libc.a(rtld-errno.os)
 .data          0x0000000000000f78        0x0 /glibc-tmp-122b61b301183a6bf6f977f7d13ad105/glibc-2.25/build-glibc-2.25/elf/rtld-libc.a(rtld-closedir.os)
 .data          0x0000000000000f78        0x0 /glibc-tmp-122b61b301183a6bf6f977f7d13ad105/glibc-2.25/build-glibc-2.25/elf/rtld-libc.a(rtld-readdir.os)
 .data          0x0000000000000f78        0x0 /glibc-tmp-122b61b301183a6bf6f977f7d13ad105/glibc-2.25/build-glibc-2.25/elf/rtld-libc.a(rtld-rewinddir.os)
 .data          0x0000000000000f78        0x0 /glibc-tmp-122b61b301183a6bf6f977f7d13ad105/glibc-2.25/build-glibc-2.25/elf/rtld-libc.a(rtld-getdents.os)
 .data          0x0000000000000f78        0x0 /glibc-tmp-122b61b301183a6bf6f977f7d13ad105/glibc-2.25/build-glibc-2.25/elf/rtld-libc.a(rtld-fdopendir.os)
 .data          0x0000000000000f78        0x0 /glibc-tmp-122b61b301183a6bf6f977f7d13ad105/glibc-2.25/build-glibc-2.25/elf/rtld-libc.a(rtld-dl-addr-obj.os)
 .data          0x0000000000000f78        0x0 /glibc-tmp-122b61b301183a6bf6f977f7d13ad105/glibc-2.25/build-glibc-2.25/elf/rtld-libc.a(rtld-profil.os)
 .data          0x0000000000000f78        0x0 /glibc-tmp-122b61b301183a6bf6f977f7d13ad105/glibc-2.25/build-glibc-2.25/elf/rtld-libc.a(rtld-prof-freq.os)
 .data          0x0000000000000f78        0x0 /glibc-tmp-122b61b301183a6bf6f977f7d13ad105/glibc-2.25/build-glibc-2.25/elf/rtld-libc.a(rtld-xstat.os)
 .data          0x0000000000000f78        0x0 /glibc-tmp-122b61b301183a6bf6f977f7d13ad105/glibc-2.25/build-glibc-2.25/elf/rtld-libc.a(rtld-fxstat.os)
 .data          0x0000000000000f78        0x0 /glibc-tmp-122b61b301183a6bf6f977f7d13ad105/glibc-2.25/build-glibc-2.25/elf/rtld-libc.a(rtld-lxstat.os)
 .data          0x0000000000000f78        0x0 /glibc-tmp-122b61b301183a6bf6f977f7d13ad105/glibc-2.25/build-glibc-2.25/elf/rtld-libc.a(rtld-open.os)
 .data          0x0000000000000f78        0x0 /glibc-tmp-122b61b301183a6bf6f977f7d13ad105/glibc-2.25/build-glibc-2.25/elf/rtld-libc.a(rtld-read.os)
 .data          0x0000000000000f78        0x0 /glibc-tmp-122b61b301183a6bf6f977f7d13ad105/glibc-2.25/build-glibc-2.25/elf/rtld-libc.a(rtld-write.os)
 .data          0x0000000000000f78        0x0 /glibc-tmp-122b61b301183a6bf6f977f7d13ad105/glibc-2.25/build-glibc-2.25/elf/rtld-libc.a(rtld-lseek64.os)
 .data          0x0000000000000f78        0x0 /glibc-tmp-122b61b301183a6bf6f977f7d13ad105/glibc-2.25/build-glibc-2.25/elf/rtld-libc.a(rtld-access.os)
 .data          0x0000000000000f78        0x0 /glibc-tmp-122b61b301183a6bf6f977f7d13ad105/glibc-2.25/build-glibc-2.25/elf/rtld-libc.a(rtld-fcntl.os)
 .data          0x0000000000000f78        0x0 /glibc-tmp-122b61b301183a6bf6f977f7d13ad105/glibc-2.25/build-glibc-2.25/elf/rtld-libc.a(rtld-close.os)
 .data          0x0000000000000f78        0x0 /glibc-tmp-122b61b301183a6bf6f977f7d13ad105/glibc-2.25/build-glibc-2.25/elf/rtld-libc.a(rtld-mmap.os)
 .data          0x0000000000000f78        0x0 /glibc-tmp-122b61b301183a6bf6f977f7d13ad105/glibc-2.25/build-glibc-2.25/elf/rtld-libc.a(rtld-munmap.os)
 .data          0x0000000000000f78        0x0 /glibc-tmp-122b61b301183a6bf6f977f7d13ad105/glibc-2.25/build-glibc-2.25/elf/rtld-libc.a(rtld-mprotect.os)
 .data          0x0000000000000f78        0x0 /glibc-tmp-122b61b301183a6bf6f977f7d13ad105/glibc-2.25/build-glibc-2.25/elf/rtld-libc.a(rtld-uname.os)
 .data          0x0000000000000f78        0x0 /glibc-tmp-122b61b301183a6bf6f977f7d13ad105/glibc-2.25/build-glibc-2.25/elf/rtld-libc.a(rtld-_exit.os)
 .data          0x0000000000000f78        0x0 /glibc-tmp-122b61b301183a6bf6f977f7d13ad105/glibc-2.25/build-glibc-2.25/elf/rtld-libc.a(rtld-getpid.os)
 .data          0x0000000000000f78        0x0 /glibc-tmp-122b61b301183a6bf6f977f7d13ad105/glibc-2.25/build-glibc-2.25/elf/rtld-libc.a(rtld-environ.os)
 .data          0x0000000000000f78        0x0 /glibc-tmp-122b61b301183a6bf6f977f7d13ad105/glibc-2.25/build-glibc-2.25/elf/rtld-libc.a(rtld-setjmp.os)
 .data          0x0000000000000f78        0x0 /glibc-tmp-122b61b301183a6bf6f977f7d13ad105/glibc-2.25/build-glibc-2.25/elf/rtld-libc.a(rtld-__longjmp.os)
 .data          0x0000000000000f78        0x0 /glibc-tmp-122b61b301183a6bf6f977f7d13ad105/glibc-2.25/build-glibc-2.25/elf/rtld-libc.a(rtld-sigaction.os)
 .data          0x0000000000000f78        0x0 /glibc-tmp-122b61b301183a6bf6f977f7d13ad105/glibc-2.25/build-glibc-2.25/elf/rtld-libc.a(rtld-strchr.os)
 .data          0x0000000000000f78        0x0 /glibc-tmp-122b61b301183a6bf6f977f7d13ad105/glibc-2.25/build-glibc-2.25/elf/rtld-libc.a(rtld-strcmp.os)
 .data          0x0000000000000f78        0x0 /glibc-tmp-122b61b301183a6bf6f977f7d13ad105/glibc-2.25/build-glibc-2.25/elf/rtld-libc.a(rtld-strdup.os)
 .data          0x0000000000000f78        0x0 /glibc-tmp-122b61b301183a6bf6f977f7d13ad105/glibc-2.25/build-glibc-2.25/elf/rtld-libc.a(rtld-strlen.os)
 .data          0x0000000000000f78        0x0 /glibc-tmp-122b61b301183a6bf6f977f7d13ad105/glibc-2.25/build-glibc-2.25/elf/rtld-libc.a(rtld-strnlen.os)
 .data          0x0000000000000f78        0x0 /glibc-tmp-122b61b301183a6bf6f977f7d13ad105/glibc-2.25/build-glibc-2.25/elf/rtld-libc.a(rtld-memchr.os)
 .data          0x0000000000000f78        0x0 /glibc-tmp-122b61b301183a6bf6f977f7d13ad105/glibc-2.25/build-glibc-2.25/elf/rtld-libc.a(rtld-memcmp.os)
 .data          0x0000000000000f78        0x0 /glibc-tmp-122b61b301183a6bf6f977f7d13ad105/glibc-2.25/build-glibc-2.25/elf/rtld-libc.a(rtld-memmove.os)
 .data          0x0000000000000f78        0x0 /glibc-tmp-122b61b301183a6bf6f977f7d13ad105/glibc-2.25/build-glibc-2.25/elf/rtld-libc.a(rtld-memset.os)
 .data          0x0000000000000f78        0x0 /glibc-tmp-122b61b301183a6bf6f977f7d13ad105/glibc-2.25/build-glibc-2.25/elf/rtld-libc.a(rtld-stpcpy.os)
 .data          0x0000000000000f78        0x0 /glibc-tmp-122b61b301183a6bf6f977f7d13ad105/glibc-2.25/build-glibc-2.25/elf/rtld-libc.a(rtld-rawmemchr.os)
 .data          0x0000000000000f78        0x0 /glibc-tmp-122b61b301183a6bf6f977f7d13ad105/glibc-2.25/build-glibc-2.25/elf/rtld-libc.a(rtld-setitimer.os)

.data.rel.ro    0x0000000000000000      0x29c
 .data.rel.ro   0x0000000000000000      0x29c /glibc-tmp-122b61b301183a6bf6f977f7d13ad105/glibc-2.25/build-glibc-2.25/elf/dl-allobjs.os
                0x00000000000000b0                __pointer_chk_guard_local
                0x00000000000000b8                _dl_skip_args
                0x00000000000000c0                __GI__dl_argv
                0x00000000000000c0                _dl_argv
                0x00000000000000c8                _dl_argc
                0x00000000000000e0                _rtld_global_ro
                0x00000000000000e0                _rtld_local_ro
                0x0000000000000280                __stack_prot
                0x0000000000000288                _dl_random
                0x0000000000000290                __libc_stack_end
                0x0000000000000290                __GI___libc_stack_end
                0x0000000000000298                __GI___libc_enable_secure
                0x0000000000000298                __libc_enable_secure

.data1
 *(.data1)

.bss            0x0000000000000000      0x140
 *(.dynbss)
 *(.bss)
 .bss           0x0000000000000000      0x118 /glibc-tmp-122b61b301183a6bf6f977f7d13ad105/glibc-2.25/build-glibc-2.25/elf/dl-allobjs.os
                0x00000000000000e0                __libc_multiple_libcs
                0x0000000000000110                __curbrk
 .bss           0x0000000000000118        0x0 /glibc-tmp-122b61b301183a6bf6f977f7d13ad105/glibc-2.25/build-glibc-2.25/elf/rtld-libc.a(rtld-check_fds.os)
 .bss           0x0000000000000118        0x0 /glibc-tmp-122b61b301183a6bf6f977f7d13ad105/glibc-2.25/build-glibc-2.25/elf/rtld-libc.a(rtld-errno.os)
 .bss           0x0000000000000118        0x0 /glibc-tmp-122b61b301183a6bf6f977f7d13ad105/glibc-2.25/build-glibc-2.25/elf/rtld-libc.a(rtld-closedir.os)
 .bss           0x0000000000000118        0x0 /glibc-tmp-122b61b301183a6bf6f977f7d13ad105/glibc-2.25/build-glibc-2.25/elf/rtld-libc.a(rtld-readdir.os)
 .bss           0x0000000000000118        0x0 /glibc-tmp-122b61b301183a6bf6f977f7d13ad105/glibc-2.25/build-glibc-2.25/elf/rtld-libc.a(rtld-rewinddir.os)
 .bss           0x0000000000000118        0x0 /glibc-tmp-122b61b301183a6bf6f977f7d13ad105/glibc-2.25/build-glibc-2.25/elf/rtld-libc.a(rtld-getdents.os)
 .bss           0x0000000000000118        0x0 /glibc-tmp-122b61b301183a6bf6f977f7d13ad105/glibc-2.25/build-glibc-2.25/elf/rtld-libc.a(rtld-fdopendir.os)
 .bss           0x0000000000000118        0x0 /glibc-tmp-122b61b301183a6bf6f977f7d13ad105/glibc-2.25/build-glibc-2.25/elf/rtld-libc.a(rtld-dl-addr-obj.os)
 .bss           0x0000000000000118       0x20 /glibc-tmp-122b61b301183a6bf6f977f7d13ad105/glibc-2.25/build-glibc-2.25/elf/rtld-libc.a(rtld-profil.os)
 .bss           0x0000000000000138        0x0 /glibc-tmp-122b61b301183a6bf6f977f7d13ad105/glibc-2.25/build-glibc-2.25/elf/rtld-libc.a(rtld-prof-freq.os)
 .bss           0x0000000000000138        0x0 /glibc-tmp-122b61b301183a6bf6f977f7d13ad105/glibc-2.25/build-glibc-2.25/elf/rtld-libc.a(rtld-xstat.os)
 .bss           0x0000000000000138        0x0 /glibc-tmp-122b61b301183a6bf6f977f7d13ad105/glibc-2.25/build-glibc-2.25/elf/rtld-libc.a(rtld-fxstat.os)
 .bss           0x0000000000000138        0x0 /glibc-tmp-122b61b301183a6bf6f977f7d13ad105/glibc-2.25/build-glibc-2.25/elf/rtld-libc.a(rtld-lxstat.os)
 .bss           0x0000000000000138        0x0 /glibc-tmp-122b61b301183a6bf6f977f7d13ad105/glibc-2.25/build-glibc-2.25/elf/rtld-libc.a(rtld-open.os)
 .bss           0x0000000000000138        0x0 /glibc-tmp-122b61b301183a6bf6f977f7d13ad105/glibc-2.25/build-glibc-2.25/elf/rtld-libc.a(rtld-read.os)
 .bss           0x0000000000000138        0x0 /glibc-tmp-122b61b301183a6bf6f977f7d13ad105/glibc-2.25/build-glibc-2.25/elf/rtld-libc.a(rtld-write.os)
 .bss           0x0000000000000138        0x0 /glibc-tmp-122b61b301183a6bf6f977f7d13ad105/glibc-2.25/build-glibc-2.25/elf/rtld-libc.a(rtld-lseek64.os)
 .bss           0x0000000000000138        0x0 /glibc-tmp-122b61b301183a6bf6f977f7d13ad105/glibc-2.25/build-glibc-2.25/elf/rtld-libc.a(rtld-access.os)
 .bss           0x0000000000000138        0x0 /glibc-tmp-122b61b301183a6bf6f977f7d13ad105/glibc-2.25/build-glibc-2.25/elf/rtld-libc.a(rtld-fcntl.os)
 .bss           0x0000000000000138        0x0 /glibc-tmp-122b61b301183a6bf6f977f7d13ad105/glibc-2.25/build-glibc-2.25/elf/rtld-libc.a(rtld-close.os)
 .bss           0x0000000000000138        0x0 /glibc-tmp-122b61b301183a6bf6f977f7d13ad105/glibc-2.25/build-glibc-2.25/elf/rtld-libc.a(rtld-mmap.os)
 .bss           0x0000000000000138        0x0 /glibc-tmp-122b61b301183a6bf6f977f7d13ad105/glibc-2.25/build-glibc-2.25/elf/rtld-libc.a(rtld-munmap.os)
 .bss           0x0000000000000138        0x0 /glibc-tmp-122b61b301183a6bf6f977f7d13ad105/glibc-2.25/build-glibc-2.25/elf/rtld-libc.a(rtld-mprotect.os)
 .bss           0x0000000000000138        0x0 /glibc-tmp-122b61b301183a6bf6f977f7d13ad105/glibc-2.25/build-glibc-2.25/elf/rtld-libc.a(rtld-uname.os)
 .bss           0x0000000000000138        0x0 /glibc-tmp-122b61b301183a6bf6f977f7d13ad105/glibc-2.25/build-glibc-2.25/elf/rtld-libc.a(rtld-_exit.os)
 .bss           0x0000000000000138        0x0 /glibc-tmp-122b61b301183a6bf6f977f7d13ad105/glibc-2.25/build-glibc-2.25/elf/rtld-libc.a(rtld-getpid.os)
 .bss           0x0000000000000138        0x8 /glibc-tmp-122b61b301183a6bf6f977f7d13ad105/glibc-2.25/build-glibc-2.25/elf/rtld-libc.a(rtld-environ.os)
                0x0000000000000138                _environ
                0x0000000000000138                __environ
                0x0000000000000138                environ
 .bss           0x0000000000000140        0x0 /glibc-tmp-122b61b301183a6bf6f977f7d13ad105/glibc-2.25/build-glibc-2.25/elf/rtld-libc.a(rtld-setjmp.os)
 .bss           0x0000000000000140        0x0 /glibc-tmp-122b61b301183a6bf6f977f7d13ad105/glibc-2.25/build-glibc-2.25/elf/rtld-libc.a(rtld-__longjmp.os)
 .bss           0x0000000000000140        0x0 /glibc-tmp-122b61b301183a6bf6f977f7d13ad105/glibc-2.25/build-glibc-2.25/elf/rtld-libc.a(rtld-sigaction.os)
 .bss           0x0000000000000140        0x0 /glibc-tmp-122b61b301183a6bf6f977f7d13ad105/glibc-2.25/build-glibc-2.25/elf/rtld-libc.a(rtld-strchr.os)
 .bss           0x0000000000000140        0x0 /glibc-tmp-122b61b301183a6bf6f977f7d13ad105/glibc-2.25/build-glibc-2.25/elf/rtld-libc.a(rtld-strcmp.os)
 .bss           0x0000000000000140        0x0 /glibc-tmp-122b61b301183a6bf6f977f7d13ad105/glibc-2.25/build-glibc-2.25/elf/rtld-libc.a(rtld-strdup.os)
 .bss           0x0000000000000140        0x0 /glibc-tmp-122b61b301183a6bf6f977f7d13ad105/glibc-2.25/build-glibc-2.25/elf/rtld-libc.a(rtld-strlen.os)
 .bss           0x0000000000000140        0x0 /glibc-tmp-122b61b301183a6bf6f977f7d13ad105/glibc-2.25/build-glibc-2.25/elf/rtld-libc.a(rtld-strnlen.os)
 .bss           0x0000000000000140        0x0 /glibc-tmp-122b61b301183a6bf6f977f7d13ad105/glibc-2.25/build-glibc-2.25/elf/rtld-libc.a(rtld-memchr.os)
 .bss           0x0000000000000140        0x0 /glibc-tmp-122b61b301183a6bf6f977f7d13ad105/glibc-2.25/build-glibc-2.25/elf/rtld-libc.a(rtld-memcmp.os)
 .bss           0x0000000000000140        0x0 /glibc-tmp-122b61b301183a6bf6f977f7d13ad105/glibc-2.25/build-glibc-2.25/elf/rtld-libc.a(rtld-memmove.os)
 .bss           0x0000000000000140        0x0 /glibc-tmp-122b61b301183a6bf6f977f7d13ad105/glibc-2.25/build-glibc-2.25/elf/rtld-libc.a(rtld-memset.os)
 .bss           0x0000000000000140        0x0 /glibc-tmp-122b61b301183a6bf6f977f7d13ad105/glibc-2.25/build-glibc-2.25/elf/rtld-libc.a(rtld-stpcpy.os)
 .bss           0x0000000000000140        0x0 /glibc-tmp-122b61b301183a6bf6f977f7d13ad105/glibc-2.25/build-glibc-2.25/elf/rtld-libc.a(rtld-rawmemchr.os)
 .bss           0x0000000000000140        0x0 /glibc-tmp-122b61b301183a6bf6f977f7d13ad105/glibc-2.25/build-glibc-2.25/elf/rtld-libc.a(rtld-setitimer.os)
 *(COMMON)
 COMMON         0x0000000000000140        0x0 /glibc-tmp-122b61b301183a6bf6f977f7d13ad105/glibc-2.25/build-glibc-2.25/elf/dl-allobjs.os
 COMMON         0x0000000000000140        0x0 /glibc-tmp-122b61b301183a6bf6f977f7d13ad105/glibc-2.25/build-glibc-2.25/elf/rtld-libc.a(rtld-errno.os)

.lbss
 *(.dynlbss)
 *(.lbss)
 *(LARGE_COMMON)

.lrodata
 *(.lrodata)

.ldata
 *(.ldata)

.stab
 *(.stab)

.stabstr
 *(.stabstr)

.stab.excl
 *(.stab.excl)

.stab.exclstr
 *(.stab.exclstr)

.stab.index
 *(.stab.index)

.stab.indexstr
 *(.stab.indexstr)

.comment        0x0000000000000000      0x3f0
 *(.comment)
 .comment       0x0000000000000000      0x276 /glibc-tmp-122b61b301183a6bf6f977f7d13ad105/glibc-2.25/build-glibc-2.25/elf/dl-allobjs.os
 .comment       0x0000000000000276       0x12 /glibc-tmp-122b61b301183a6bf6f977f7d13ad105/glibc-2.25/build-glibc-2.25/elf/rtld-libc.a(rtld-check_fds.os)
 .comment       0x0000000000000288       0x12 /glibc-tmp-122b61b301183a6bf6f977f7d13ad105/glibc-2.25/build-glibc-2.25/elf/rtld-libc.a(rtld-errno.os)
 .comment       0x000000000000029a       0x12 /glibc-tmp-122b61b301183a6bf6f977f7d13ad105/glibc-2.25/build-glibc-2.25/elf/rtld-libc.a(rtld-closedir.os)
 .comment       0x00000000000002ac       0x12 /glibc-tmp-122b61b301183a6bf6f977f7d13ad105/glibc-2.25/build-glibc-2.25/elf/rtld-libc.a(rtld-readdir.os)
 .comment       0x00000000000002be       0x12 /glibc-tmp-122b61b301183a6bf6f977f7d13ad105/glibc-2.25/build-glibc-2.25/elf/rtld-libc.a(rtld-rewinddir.os)
 .comment       0x00000000000002d0       0x12 /glibc-tmp-122b61b301183a6bf6f977f7d13ad105/glibc-2.25/build-glibc-2.25/elf/rtld-libc.a(rtld-getdents.os)
 .comment       0x00000000000002e2       0x12 /glibc-tmp-122b61b301183a6bf6f977f7d13ad105/glibc-2.25/build-glibc-2.25/elf/rtld-libc.a(rtld-fdopendir.os)
 .comment       0x00000000000002f4       0x12 /glibc-tmp-122b61b301183a6bf6f977f7d13ad105/glibc-2.25/build-glibc-2.25/elf/rtld-libc.a(rtld-dl-addr-obj.os)
 .comment       0x0000000000000306       0x12 /glibc-tmp-122b61b301183a6bf6f977f7d13ad105/glibc-2.25/build-glibc-2.25/elf/rtld-libc.a(rtld-profil.os)
 .comment       0x0000000000000318       0x12 /glibc-tmp-122b61b301183a6bf6f977f7d13ad105/glibc-2.25/build-glibc-2.25/elf/rtld-libc.a(rtld-prof-freq.os)
 .comment       0x000000000000032a       0x12 /glibc-tmp-122b61b301183a6bf6f977f7d13ad105/glibc-2.25/build-glibc-2.25/elf/rtld-libc.a(rtld-xstat.os)
 .comment       0x000000000000033c       0x12 /glibc-tmp-122b61b301183a6bf6f977f7d13ad105/glibc-2.25/build-glibc-2.25/elf/rtld-libc.a(rtld-fxstat.os)
 .comment       0x000000000000034e       0x12 /glibc-tmp-122b61b301183a6bf6f977f7d13ad105/glibc-2.25/build-glibc-2.25/elf/rtld-libc.a(rtld-lxstat.os)
 .comment       0x0000000000000360       0x12 /glibc-tmp-122b61b301183a6bf6f977f7d13ad105/glibc-2.25/build-glibc-2.25/elf/rtld-libc.a(rtld-lseek64.os)
 .comment       0x0000000000000372       0x12 /glibc-tmp-122b61b301183a6bf6f977f7d13ad105/glibc-2.25/build-glibc-2.25/elf/rtld-libc.a(rtld-access.os)
 .comment       0x0000000000000384       0x12 /glibc-tmp-122b61b301183a6bf6f977f7d13ad105/glibc-2.25/build-glibc-2.25/elf/rtld-libc.a(rtld-fcntl.os)
 .comment       0x0000000000000396       0x12 /glibc-tmp-122b61b301183a6bf6f977f7d13ad105/glibc-2.25/build-glibc-2.25/elf/rtld-libc.a(rtld-mmap.os)
 .comment       0x00000000000003a8       0x12 /glibc-tmp-122b61b301183a6bf6f977f7d13ad105/glibc-2.25/build-glibc-2.25/elf/rtld-libc.a(rtld-_exit.os)
 .comment       0x00000000000003ba       0x12 /glibc-tmp-122b61b301183a6bf6f977f7d13ad105/glibc-2.25/build-glibc-2.25/elf/rtld-libc.a(rtld-environ.os)
 .comment       0x00000000000003cc       0x12 /glibc-tmp-122b61b301183a6bf6f977f7d13ad105/glibc-2.25/build-glibc-2.25/elf/rtld-libc.a(rtld-sigaction.os)
 .comment       0x00000000000003de       0x12 /glibc-tmp-122b61b301183a6bf6f977f7d13ad105/glibc-2.25/build-glibc-2.25/elf/rtld-libc.a(rtld-strdup.os)

.note.GNU-stack
                0x0000000000000000        0x0
 .note.GNU-stack
                0x0000000000000000        0x0 /glibc-tmp-122b61b301183a6bf6f977f7d13ad105/glibc-2.25/build-glibc-2.25/elf/dl-allobjs.os
 .note.GNU-stack
                0x0000000000000000        0x0 /glibc-tmp-122b61b301183a6bf6f977f7d13ad105/glibc-2.25/build-glibc-2.25/elf/rtld-libc.a(rtld-check_fds.os)
 .note.GNU-stack
                0x0000000000000000        0x0 /glibc-tmp-122b61b301183a6bf6f977f7d13ad105/glibc-2.25/build-glibc-2.25/elf/rtld-libc.a(rtld-errno.os)
 .note.GNU-stack
                0x0000000000000000        0x0 /glibc-tmp-122b61b301183a6bf6f977f7d13ad105/glibc-2.25/build-glibc-2.25/elf/rtld-libc.a(rtld-closedir.os)
 .note.GNU-stack
                0x0000000000000000        0x0 /glibc-tmp-122b61b301183a6bf6f977f7d13ad105/glibc-2.25/build-glibc-2.25/elf/rtld-libc.a(rtld-readdir.os)
 .note.GNU-stack
                0x0000000000000000        0x0 /glibc-tmp-122b61b301183a6bf6f977f7d13ad105/glibc-2.25/build-glibc-2.25/elf/rtld-libc.a(rtld-rewinddir.os)
 .note.GNU-stack
                0x0000000000000000        0x0 /glibc-tmp-122b61b301183a6bf6f977f7d13ad105/glibc-2.25/build-glibc-2.25/elf/rtld-libc.a(rtld-getdents.os)
 .note.GNU-stack
                0x0000000000000000        0x0 /glibc-tmp-122b61b301183a6bf6f977f7d13ad105/glibc-2.25/build-glibc-2.25/elf/rtld-libc.a(rtld-fdopendir.os)
 .note.GNU-stack
                0x0000000000000000        0x0 /glibc-tmp-122b61b301183a6bf6f977f7d13ad105/glibc-2.25/build-glibc-2.25/elf/rtld-libc.a(rtld-dl-addr-obj.os)
 .note.GNU-stack
                0x0000000000000000        0x0 /glibc-tmp-122b61b301183a6bf6f977f7d13ad105/glibc-2.25/build-glibc-2.25/elf/rtld-libc.a(rtld-profil.os)
 .note.GNU-stack
                0x0000000000000000        0x0 /glibc-tmp-122b61b301183a6bf6f977f7d13ad105/glibc-2.25/build-glibc-2.25/elf/rtld-libc.a(rtld-prof-freq.os)
 .note.GNU-stack
                0x0000000000000000        0x0 /glibc-tmp-122b61b301183a6bf6f977f7d13ad105/glibc-2.25/build-glibc-2.25/elf/rtld-libc.a(rtld-xstat.os)
 .note.GNU-stack
                0x0000000000000000        0x0 /glibc-tmp-122b61b301183a6bf6f977f7d13ad105/glibc-2.25/build-glibc-2.25/elf/rtld-libc.a(rtld-fxstat.os)
 .note.GNU-stack
                0x0000000000000000        0x0 /glibc-tmp-122b61b301183a6bf6f977f7d13ad105/glibc-2.25/build-glibc-2.25/elf/rtld-libc.a(rtld-lxstat.os)
 .note.GNU-stack
                0x0000000000000000        0x0 /glibc-tmp-122b61b301183a6bf6f977f7d13ad105/glibc-2.25/build-glibc-2.25/elf/rtld-libc.a(rtld-open.os)
 .note.GNU-stack
                0x0000000000000000        0x0 /glibc-tmp-122b61b301183a6bf6f977f7d13ad105/glibc-2.25/build-glibc-2.25/elf/rtld-libc.a(rtld-read.os)
 .note.GNU-stack
                0x0000000000000000        0x0 /glibc-tmp-122b61b301183a6bf6f977f7d13ad105/glibc-2.25/build-glibc-2.25/elf/rtld-libc.a(rtld-write.os)
 .note.GNU-stack
                0x0000000000000000        0x0 /glibc-tmp-122b61b301183a6bf6f977f7d13ad105/glibc-2.25/build-glibc-2.25/elf/rtld-libc.a(rtld-lseek64.os)
 .note.GNU-stack
                0x0000000000000000        0x0 /glibc-tmp-122b61b301183a6bf6f977f7d13ad105/glibc-2.25/build-glibc-2.25/elf/rtld-libc.a(rtld-access.os)
 .note.GNU-stack
                0x0000000000000000        0x0 /glibc-tmp-122b61b301183a6bf6f977f7d13ad105/glibc-2.25/build-glibc-2.25/elf/rtld-libc.a(rtld-fcntl.os)
 .note.GNU-stack
                0x0000000000000000        0x0 /glibc-tmp-122b61b301183a6bf6f977f7d13ad105/glibc-2.25/build-glibc-2.25/elf/rtld-libc.a(rtld-close.os)
 .note.GNU-stack
                0x0000000000000000        0x0 /glibc-tmp-122b61b301183a6bf6f977f7d13ad105/glibc-2.25/build-glibc-2.25/elf/rtld-libc.a(rtld-mmap.os)
 .note.GNU-stack
                0x0000000000000000        0x0 /glibc-tmp-122b61b301183a6bf6f977f7d13ad105/glibc-2.25/build-glibc-2.25/elf/rtld-libc.a(rtld-munmap.os)
 .note.GNU-stack
                0x0000000000000000        0x0 /glibc-tmp-122b61b301183a6bf6f977f7d13ad105/glibc-2.25/build-glibc-2.25/elf/rtld-libc.a(rtld-mprotect.os)
 .note.GNU-stack
                0x0000000000000000        0x0 /glibc-tmp-122b61b301183a6bf6f977f7d13ad105/glibc-2.25/build-glibc-2.25/elf/rtld-libc.a(rtld-uname.os)
 .note.GNU-stack
                0x0000000000000000        0x0 /glibc-tmp-122b61b301183a6bf6f977f7d13ad105/glibc-2.25/build-glibc-2.25/elf/rtld-libc.a(rtld-_exit.os)
 .note.GNU-stack
                0x0000000000000000        0x0 /glibc-tmp-122b61b301183a6bf6f977f7d13ad105/glibc-2.25/build-glibc-2.25/elf/rtld-libc.a(rtld-getpid.os)
 .note.GNU-stack
                0x0000000000000000        0x0 /glibc-tmp-122b61b301183a6bf6f977f7d13ad105/glibc-2.25/build-glibc-2.25/elf/rtld-libc.a(rtld-environ.os)
 .note.GNU-stack
                0x0000000000000000        0x0 /glibc-tmp-122b61b301183a6bf6f977f7d13ad105/glibc-2.25/build-glibc-2.25/elf/rtld-libc.a(rtld-setjmp.os)
 .note.GNU-stack
                0x0000000000000000        0x0 /glibc-tmp-122b61b301183a6bf6f977f7d13ad105/glibc-2.25/build-glibc-2.25/elf/rtld-libc.a(rtld-__longjmp.os)
 .note.GNU-stack
                0x0000000000000000        0x0 /glibc-tmp-122b61b301183a6bf6f977f7d13ad105/glibc-2.25/build-glibc-2.25/elf/rtld-libc.a(rtld-sigaction.os)
 .note.GNU-stack
                0x0000000000000000        0x0 /glibc-tmp-122b61b301183a6bf6f977f7d13ad105/glibc-2.25/build-glibc-2.25/elf/rtld-libc.a(rtld-strchr.os)
 .note.GNU-stack
                0x0000000000000000        0x0 /glibc-tmp-122b61b301183a6bf6f977f7d13ad105/glibc-2.25/build-glibc-2.25/elf/rtld-libc.a(rtld-strcmp.os)
 .note.GNU-stack
                0x0000000000000000        0x0 /glibc-tmp-122b61b301183a6bf6f977f7d13ad105/glibc-2.25/build-glibc-2.25/elf/rtld-libc.a(rtld-strdup.os)
 .note.GNU-stack
                0x0000000000000000        0x0 /glibc-tmp-122b61b301183a6bf6f977f7d13ad105/glibc-2.25/build-glibc-2.25/elf/rtld-libc.a(rtld-strlen.os)
 .note.GNU-stack
                0x0000000000000000        0x0 /glibc-tmp-122b61b301183a6bf6f977f7d13ad105/glibc-2.25/build-glibc-2.25/elf/rtld-libc.a(rtld-strnlen.os)
 .note.GNU-stack
                0x0000000000000000        0x0 /glibc-tmp-122b61b301183a6bf6f977f7d13ad105/glibc-2.25/build-glibc-2.25/elf/rtld-libc.a(rtld-memchr.os)
 .note.GNU-stack
                0x0000000000000000        0x0 /glibc-tmp-122b61b301183a6bf6f977f7d13ad105/glibc-2.25/build-glibc-2.25/elf/rtld-libc.a(rtld-memcmp.os)
 .note.GNU-stack
                0x0000000000000000        0x0 /glibc-tmp-122b61b301183a6bf6f977f7d13ad105/glibc-2.25/build-glibc-2.25/elf/rtld-libc.a(rtld-memmove.os)
 .note.GNU-stack
                0x0000000000000000        0x0 /glibc-tmp-122b61b301183a6bf6f977f7d13ad105/glibc-2.25/build-glibc-2.25/elf/rtld-libc.a(rtld-memset.os)
 .note.GNU-stack
                0x0000000000000000        0x0 /glibc-tmp-122b61b301183a6bf6f977f7d13ad105/glibc-2.25/build-glibc-2.25/elf/rtld-libc.a(rtld-stpcpy.os)
 .note.GNU-stack
                0x0000000000000000        0x0 /glibc-tmp-122b61b301183a6bf6f977f7d13ad105/glibc-2.25/build-glibc-2.25/elf/rtld-libc.a(rtld-rawmemchr.os)
 .note.GNU-stack
                0x0000000000000000        0x0 /glibc-tmp-122b61b301183a6bf6f977f7d13ad105/glibc-2.25/build-glibc-2.25/elf/rtld-libc.a(rtld-setitimer.os)

.gnu.warning.llseek
                0x0000000000000000       0x3f
 .gnu.warning.llseek
                0x0000000000000000       0x3f /glibc-tmp-122b61b301183a6bf6f977f7d13ad105/glibc-2.25/build-glibc-2.25/elf/rtld-libc.a(rtld-lseek64.os)

.debug
 *(.debug)

.line
 *(.line)

.debug_srcinfo
 *(.debug_srcinfo)

.debug_sfnames
 *(.debug_sfnames)

.debug_aranges  0x0000000000000000      0xee0
 *(.debug_aranges)
 .debug_aranges
                0x0000000000000000      0x720 /glibc-tmp-122b61b301183a6bf6f977f7d13ad105/glibc-2.25/build-glibc-2.25/elf/dl-allobjs.os
 .debug_aranges
                0x0000000000000720       0x30 /glibc-tmp-122b61b301183a6bf6f977f7d13ad105/glibc-2.25/build-glibc-2.25/elf/rtld-libc.a(rtld-check_fds.os)
 .debug_aranges
                0x0000000000000750       0x20 /glibc-tmp-122b61b301183a6bf6f977f7d13ad105/glibc-2.25/build-glibc-2.25/elf/rtld-libc.a(rtld-errno.os)
 .debug_aranges
                0x0000000000000770       0x30 /glibc-tmp-122b61b301183a6bf6f977f7d13ad105/glibc-2.25/build-glibc-2.25/elf/rtld-libc.a(rtld-closedir.os)
 .debug_aranges
                0x00000000000007a0       0x30 /glibc-tmp-122b61b301183a6bf6f977f7d13ad105/glibc-2.25/build-glibc-2.25/elf/rtld-libc.a(rtld-readdir.os)
 .debug_aranges
                0x00000000000007d0       0x30 /glibc-tmp-122b61b301183a6bf6f977f7d13ad105/glibc-2.25/build-glibc-2.25/elf/rtld-libc.a(rtld-rewinddir.os)
 .debug_aranges
                0x0000000000000800       0x30 /glibc-tmp-122b61b301183a6bf6f977f7d13ad105/glibc-2.25/build-glibc-2.25/elf/rtld-libc.a(rtld-getdents.os)
 .debug_aranges
                0x0000000000000830       0x30 /glibc-tmp-122b61b301183a6bf6f977f7d13ad105/glibc-2.25/build-glibc-2.25/elf/rtld-libc.a(rtld-fdopendir.os)
 .debug_aranges
                0x0000000000000860       0x30 /glibc-tmp-122b61b301183a6bf6f977f7d13ad105/glibc-2.25/build-glibc-2.25/elf/rtld-libc.a(rtld-dl-addr-obj.os)
 .debug_aranges
                0x0000000000000890       0x30 /glibc-tmp-122b61b301183a6bf6f977f7d13ad105/glibc-2.25/build-glibc-2.25/elf/rtld-libc.a(rtld-profil.os)
 .debug_aranges
                0x00000000000008c0       0x30 /glibc-tmp-122b61b301183a6bf6f977f7d13ad105/glibc-2.25/build-glibc-2.25/elf/rtld-libc.a(rtld-prof-freq.os)
 .debug_aranges
                0x00000000000008f0       0x30 /glibc-tmp-122b61b301183a6bf6f977f7d13ad105/glibc-2.25/build-glibc-2.25/elf/rtld-libc.a(rtld-xstat.os)
 .debug_aranges
                0x0000000000000920       0x30 /glibc-tmp-122b61b301183a6bf6f977f7d13ad105/glibc-2.25/build-glibc-2.25/elf/rtld-libc.a(rtld-fxstat.os)
 .debug_aranges
                0x0000000000000950       0x30 /glibc-tmp-122b61b301183a6bf6f977f7d13ad105/glibc-2.25/build-glibc-2.25/elf/rtld-libc.a(rtld-lxstat.os)
 .debug_aranges
                0x0000000000000980       0x30 /glibc-tmp-122b61b301183a6bf6f977f7d13ad105/glibc-2.25/build-glibc-2.25/elf/rtld-libc.a(rtld-open.os)
 .debug_aranges
                0x00000000000009b0       0x30 /glibc-tmp-122b61b301183a6bf6f977f7d13ad105/glibc-2.25/build-glibc-2.25/elf/rtld-libc.a(rtld-read.os)
 .debug_aranges
                0x00000000000009e0       0x30 /glibc-tmp-122b61b301183a6bf6f977f7d13ad105/glibc-2.25/build-glibc-2.25/elf/rtld-libc.a(rtld-write.os)
 .debug_aranges
                0x0000000000000a10       0x30 /glibc-tmp-122b61b301183a6bf6f977f7d13ad105/glibc-2.25/build-glibc-2.25/elf/rtld-libc.a(rtld-lseek64.os)
 .debug_aranges
                0x0000000000000a40       0x30 /glibc-tmp-122b61b301183a6bf6f977f7d13ad105/glibc-2.25/build-glibc-2.25/elf/rtld-libc.a(rtld-access.os)
 .debug_aranges
                0x0000000000000a70       0x30 /glibc-tmp-122b61b301183a6bf6f977f7d13ad105/glibc-2.25/build-glibc-2.25/elf/rtld-libc.a(rtld-fcntl.os)
 .debug_aranges
                0x0000000000000aa0       0x30 /glibc-tmp-122b61b301183a6bf6f977f7d13ad105/glibc-2.25/build-glibc-2.25/elf/rtld-libc.a(rtld-close.os)
 .debug_aranges
                0x0000000000000ad0       0x30 /glibc-tmp-122b61b301183a6bf6f977f7d13ad105/glibc-2.25/build-glibc-2.25/elf/rtld-libc.a(rtld-mmap.os)
 .debug_aranges
                0x0000000000000b00       0x30 /glibc-tmp-122b61b301183a6bf6f977f7d13ad105/glibc-2.25/build-glibc-2.25/elf/rtld-libc.a(rtld-munmap.os)
 .debug_aranges
                0x0000000000000b30       0x30 /glibc-tmp-122b61b301183a6bf6f977f7d13ad105/glibc-2.25/build-glibc-2.25/elf/rtld-libc.a(rtld-mprotect.os)
 .debug_aranges
                0x0000000000000b60       0x30 /glibc-tmp-122b61b301183a6bf6f977f7d13ad105/glibc-2.25/build-glibc-2.25/elf/rtld-libc.a(rtld-uname.os)
 .debug_aranges
                0x0000000000000b90       0x30 /glibc-tmp-122b61b301183a6bf6f977f7d13ad105/glibc-2.25/build-glibc-2.25/elf/rtld-libc.a(rtld-_exit.os)
 .debug_aranges
                0x0000000000000bc0       0x30 /glibc-tmp-122b61b301183a6bf6f977f7d13ad105/glibc-2.25/build-glibc-2.25/elf/rtld-libc.a(rtld-getpid.os)
 .debug_aranges
                0x0000000000000bf0       0x20 /glibc-tmp-122b61b301183a6bf6f977f7d13ad105/glibc-2.25/build-glibc-2.25/elf/rtld-libc.a(rtld-environ.os)
 .debug_aranges
                0x0000000000000c10       0x30 /glibc-tmp-122b61b301183a6bf6f977f7d13ad105/glibc-2.25/build-glibc-2.25/elf/rtld-libc.a(rtld-setjmp.os)
 .debug_aranges
                0x0000000000000c40       0x30 /glibc-tmp-122b61b301183a6bf6f977f7d13ad105/glibc-2.25/build-glibc-2.25/elf/rtld-libc.a(rtld-__longjmp.os)
 .debug_aranges
                0x0000000000000c70       0x30 /glibc-tmp-122b61b301183a6bf6f977f7d13ad105/glibc-2.25/build-glibc-2.25/elf/rtld-libc.a(rtld-sigaction.os)
 .debug_aranges
                0x0000000000000ca0       0x30 /glibc-tmp-122b61b301183a6bf6f977f7d13ad105/glibc-2.25/build-glibc-2.25/elf/rtld-libc.a(rtld-strchr.os)
 .debug_aranges
                0x0000000000000cd0       0x30 /glibc-tmp-122b61b301183a6bf6f977f7d13ad105/glibc-2.25/build-glibc-2.25/elf/rtld-libc.a(rtld-strcmp.os)
 .debug_aranges
                0x0000000000000d00       0x30 /glibc-tmp-122b61b301183a6bf6f977f7d13ad105/glibc-2.25/build-glibc-2.25/elf/rtld-libc.a(rtld-strdup.os)
 .debug_aranges
                0x0000000000000d30       0x30 /glibc-tmp-122b61b301183a6bf6f977f7d13ad105/glibc-2.25/build-glibc-2.25/elf/rtld-libc.a(rtld-strlen.os)
 .debug_aranges
                0x0000000000000d60       0x30 /glibc-tmp-122b61b301183a6bf6f977f7d13ad105/glibc-2.25/build-glibc-2.25/elf/rtld-libc.a(rtld-strnlen.os)
 .debug_aranges
                0x0000000000000d90       0x30 /glibc-tmp-122b61b301183a6bf6f977f7d13ad105/glibc-2.25/build-glibc-2.25/elf/rtld-libc.a(rtld-memchr.os)
 .debug_aranges
                0x0000000000000dc0       0x30 /glibc-tmp-122b61b301183a6bf6f977f7d13ad105/glibc-2.25/build-glibc-2.25/elf/rtld-libc.a(rtld-memcmp.os)
 .debug_aranges
                0x0000000000000df0       0x30 /glibc-tmp-122b61b301183a6bf6f977f7d13ad105/glibc-2.25/build-glibc-2.25/elf/rtld-libc.a(rtld-memmove.os)
 .debug_aranges
                0x0000000000000e20       0x30 /glibc-tmp-122b61b301183a6bf6f977f7d13ad105/glibc-2.25/build-glibc-2.25/elf/rtld-libc.a(rtld-memset.os)
 .debug_aranges
                0x0000000000000e50       0x30 /glibc-tmp-122b61b301183a6bf6f977f7d13ad105/glibc-2.25/build-glibc-2.25/elf/rtld-libc.a(rtld-stpcpy.os)
 .debug_aranges
                0x0000000000000e80       0x30 /glibc-tmp-122b61b301183a6bf6f977f7d13ad105/glibc-2.25/build-glibc-2.25/elf/rtld-libc.a(rtld-rawmemchr.os)
 .debug_aranges
                0x0000000000000eb0       0x30 /glibc-tmp-122b61b301183a6bf6f977f7d13ad105/glibc-2.25/build-glibc-2.25/elf/rtld-libc.a(rtld-setitimer.os)

.debug_pubnames
 *(.debug_pubnames)

.debug_info     0x0000000000000000    0xa887a
 *(.debug_info)
 .debug_info    0x0000000000000000    0x89a82 /glibc-tmp-122b61b301183a6bf6f977f7d13ad105/glibc-2.25/build-glibc-2.25/elf/dl-allobjs.os
 .debug_info    0x0000000000089a82      0xd34 /glibc-tmp-122b61b301183a6bf6f977f7d13ad105/glibc-2.25/build-glibc-2.25/elf/rtld-libc.a(rtld-check_fds.os)
 .debug_info    0x000000000008a7b6      0x6a8 /glibc-tmp-122b61b301183a6bf6f977f7d13ad105/glibc-2.25/build-glibc-2.25/elf/rtld-libc.a(rtld-errno.os)
 .debug_info    0x000000000008ae5e     0x1de4 /glibc-tmp-122b61b301183a6bf6f977f7d13ad105/glibc-2.25/build-glibc-2.25/elf/rtld-libc.a(rtld-closedir.os)
 .debug_info    0x000000000008cc42     0x1e45 /glibc-tmp-122b61b301183a6bf6f977f7d13ad105/glibc-2.25/build-glibc-2.25/elf/rtld-libc.a(rtld-readdir.os)
 .debug_info    0x000000000008ea87     0x1d5d /glibc-tmp-122b61b301183a6bf6f977f7d13ad105/glibc-2.25/build-glibc-2.25/elf/rtld-libc.a(rtld-rewinddir.os)
 .debug_info    0x00000000000907e4     0x2159 /glibc-tmp-122b61b301183a6bf6f977f7d13ad105/glibc-2.25/build-glibc-2.25/elf/rtld-libc.a(rtld-getdents.os)
 .debug_info    0x000000000009293d     0x1f3f /glibc-tmp-122b61b301183a6bf6f977f7d13ad105/glibc-2.25/build-glibc-2.25/elf/rtld-libc.a(rtld-fdopendir.os)
 .debug_info    0x000000000009487c     0x27e2 /glibc-tmp-122b61b301183a6bf6f977f7d13ad105/glibc-2.25/build-glibc-2.25/elf/rtld-libc.a(rtld-dl-addr-obj.os)
 .debug_info    0x000000000009705e      0xaf6 /glibc-tmp-122b61b301183a6bf6f977f7d13ad105/glibc-2.25/build-glibc-2.25/elf/rtld-libc.a(rtld-profil.os)
 .debug_info    0x0000000000097b54     0x372f /glibc-tmp-122b61b301183a6bf6f977f7d13ad105/glibc-2.25/build-glibc-2.25/elf/rtld-libc.a(rtld-prof-freq.os)
 .debug_info    0x000000000009b283      0x8db /glibc-tmp-122b61b301183a6bf6f977f7d13ad105/glibc-2.25/build-glibc-2.25/elf/rtld-libc.a(rtld-xstat.os)
 .debug_info    0x000000000009bb5e      0x8da /glibc-tmp-122b61b301183a6bf6f977f7d13ad105/glibc-2.25/build-glibc-2.25/elf/rtld-libc.a(rtld-fxstat.os)
 .debug_info    0x000000000009c438      0x8db /glibc-tmp-122b61b301183a6bf6f977f7d13ad105/glibc-2.25/build-glibc-2.25/elf/rtld-libc.a(rtld-lxstat.os)
 .debug_info    0x000000000009cd13       0x8b /glibc-tmp-122b61b301183a6bf6f977f7d13ad105/glibc-2.25/build-glibc-2.25/elf/rtld-libc.a(rtld-open.os)
 .debug_info    0x000000000009cd9e       0x8b /glibc-tmp-122b61b301183a6bf6f977f7d13ad105/glibc-2.25/build-glibc-2.25/elf/rtld-libc.a(rtld-read.os)
 .debug_info    0x000000000009ce29       0x8b /glibc-tmp-122b61b301183a6bf6f977f7d13ad105/glibc-2.25/build-glibc-2.25/elf/rtld-libc.a(rtld-write.os)
 .debug_info    0x000000000009ceb4      0x82d /glibc-tmp-122b61b301183a6bf6f977f7d13ad105/glibc-2.25/build-glibc-2.25/elf/rtld-libc.a(rtld-lseek64.os)
 .debug_info    0x000000000009d6e1     0x1f8c /glibc-tmp-122b61b301183a6bf6f977f7d13ad105/glibc-2.25/build-glibc-2.25/elf/rtld-libc.a(rtld-access.os)
 .debug_info    0x000000000009f66d     0x208c /glibc-tmp-122b61b301183a6bf6f977f7d13ad105/glibc-2.25/build-glibc-2.25/elf/rtld-libc.a(rtld-fcntl.os)
 .debug_info    0x00000000000a16f9       0x8b /glibc-tmp-122b61b301183a6bf6f977f7d13ad105/glibc-2.25/build-glibc-2.25/elf/rtld-libc.a(rtld-close.os)
 .debug_info    0x00000000000a1784     0x3989 /glibc-tmp-122b61b301183a6bf6f977f7d13ad105/glibc-2.25/build-glibc-2.25/elf/rtld-libc.a(rtld-mmap.os)
 .debug_info    0x00000000000a510d       0x8d /glibc-tmp-122b61b301183a6bf6f977f7d13ad105/glibc-2.25/build-glibc-2.25/elf/rtld-libc.a(rtld-munmap.os)
 .debug_info    0x00000000000a519a       0x8d /glibc-tmp-122b61b301183a6bf6f977f7d13ad105/glibc-2.25/build-glibc-2.25/elf/rtld-libc.a(rtld-mprotect.os)
 .debug_info    0x00000000000a5227       0x8e /glibc-tmp-122b61b301183a6bf6f977f7d13ad105/glibc-2.25/build-glibc-2.25/elf/rtld-libc.a(rtld-uname.os)
 .debug_info    0x00000000000a52b5      0x7f0 /glibc-tmp-122b61b301183a6bf6f977f7d13ad105/glibc-2.25/build-glibc-2.25/elf/rtld-libc.a(rtld-_exit.os)
 .debug_info    0x00000000000a5aa5       0x8e /glibc-tmp-122b61b301183a6bf6f977f7d13ad105/glibc-2.25/build-glibc-2.25/elf/rtld-libc.a(rtld-getpid.os)
 .debug_info    0x00000000000a5b33      0x115 /glibc-tmp-122b61b301183a6bf6f977f7d13ad105/glibc-2.25/build-glibc-2.25/elf/rtld-libc.a(rtld-environ.os)
 .debug_info    0x00000000000a5c48       0x87 /glibc-tmp-122b61b301183a6bf6f977f7d13ad105/glibc-2.25/build-glibc-2.25/elf/rtld-libc.a(rtld-setjmp.os)
 .debug_info    0x00000000000a5ccf       0x8a /glibc-tmp-122b61b301183a6bf6f977f7d13ad105/glibc-2.25/build-glibc-2.25/elf/rtld-libc.a(rtld-__longjmp.os)
 .debug_info    0x00000000000a5d59     0x22b7 /glibc-tmp-122b61b301183a6bf6f977f7d13ad105/glibc-2.25/build-glibc-2.25/elf/rtld-libc.a(rtld-sigaction.os)
 .debug_info    0x00000000000a8010       0x94 /glibc-tmp-122b61b301183a6bf6f977f7d13ad105/glibc-2.25/build-glibc-2.25/elf/rtld-libc.a(rtld-strchr.os)
 .debug_info    0x00000000000a80a4       0x94 /glibc-tmp-122b61b301183a6bf6f977f7d13ad105/glibc-2.25/build-glibc-2.25/elf/rtld-libc.a(rtld-strcmp.os)
 .debug_info    0x00000000000a8138      0x20b /glibc-tmp-122b61b301183a6bf6f977f7d13ad105/glibc-2.25/build-glibc-2.25/elf/rtld-libc.a(rtld-strdup.os)
 .debug_info    0x00000000000a8343       0x87 /glibc-tmp-122b61b301183a6bf6f977f7d13ad105/glibc-2.25/build-glibc-2.25/elf/rtld-libc.a(rtld-strlen.os)
 .debug_info    0x00000000000a83ca       0x87 /glibc-tmp-122b61b301183a6bf6f977f7d13ad105/glibc-2.25/build-glibc-2.25/elf/rtld-libc.a(rtld-strnlen.os)
 .debug_info    0x00000000000a8451       0x87 /glibc-tmp-122b61b301183a6bf6f977f7d13ad105/glibc-2.25/build-glibc-2.25/elf/rtld-libc.a(rtld-memchr.os)
 .debug_info    0x00000000000a84d8       0x94 /glibc-tmp-122b61b301183a6bf6f977f7d13ad105/glibc-2.25/build-glibc-2.25/elf/rtld-libc.a(rtld-memcmp.os)
 .debug_info    0x00000000000a856c       0xb2 /glibc-tmp-122b61b301183a6bf6f977f7d13ad105/glibc-2.25/build-glibc-2.25/elf/rtld-libc.a(rtld-memmove.os)
 .debug_info    0x00000000000a861e       0xb1 /glibc-tmp-122b61b301183a6bf6f977f7d13ad105/glibc-2.25/build-glibc-2.25/elf/rtld-libc.a(rtld-memset.os)
 .debug_info    0x00000000000a86cf       0x94 /glibc-tmp-122b61b301183a6bf6f977f7d13ad105/glibc-2.25/build-glibc-2.25/elf/rtld-libc.a(rtld-stpcpy.os)
 .debug_info    0x00000000000a8763       0x8a /glibc-tmp-122b61b301183a6bf6f977f7d13ad105/glibc-2.25/build-glibc-2.25/elf/rtld-libc.a(rtld-rawmemchr.os)
 .debug_info    0x00000000000a87ed       0x8d /glibc-tmp-122b61b301183a6bf6f977f7d13ad105/glibc-2.25/build-glibc-2.25/elf/rtld-libc.a(rtld-setitimer.os)

.debug_abbrev   0x0000000000000000     0xc8a7
 *(.debug_abbrev)
 .debug_abbrev  0x0000000000000000     0x9627 /glibc-tmp-122b61b301183a6bf6f977f7d13ad105/glibc-2.25/build-glibc-2.25/elf/dl-allobjs.os
 .debug_abbrev  0x0000000000009627      0x255 /glibc-tmp-122b61b301183a6bf6f977f7d13ad105/glibc-2.25/build-glibc-2.25/elf/rtld-libc.a(rtld-check_fds.os)
 .debug_abbrev  0x000000000000987c      0x127 /glibc-tmp-122b61b301183a6bf6f977f7d13ad105/glibc-2.25/build-glibc-2.25/elf/rtld-libc.a(rtld-errno.os)
 .debug_abbrev  0x00000000000099a3      0x2f7 /glibc-tmp-122b61b301183a6bf6f977f7d13ad105/glibc-2.25/build-glibc-2.25/elf/rtld-libc.a(rtld-closedir.os)
 .debug_abbrev  0x0000000000009c9a      0x2dd /glibc-tmp-122b61b301183a6bf6f977f7d13ad105/glibc-2.25/build-glibc-2.25/elf/rtld-libc.a(rtld-readdir.os)
 .debug_abbrev  0x0000000000009f77      0x2b6 /glibc-tmp-122b61b301183a6bf6f977f7d13ad105/glibc-2.25/build-glibc-2.25/elf/rtld-libc.a(rtld-rewinddir.os)
 .debug_abbrev  0x000000000000a22d      0x32f /glibc-tmp-122b61b301183a6bf6f977f7d13ad105/glibc-2.25/build-glibc-2.25/elf/rtld-libc.a(rtld-getdents.os)
 .debug_abbrev  0x000000000000a55c      0x2f6 /glibc-tmp-122b61b301183a6bf6f977f7d13ad105/glibc-2.25/build-glibc-2.25/elf/rtld-libc.a(rtld-fdopendir.os)
 .debug_abbrev  0x000000000000a852      0x2d1 /glibc-tmp-122b61b301183a6bf6f977f7d13ad105/glibc-2.25/build-glibc-2.25/elf/rtld-libc.a(rtld-dl-addr-obj.os)
 .debug_abbrev  0x000000000000ab23      0x2b3 /glibc-tmp-122b61b301183a6bf6f977f7d13ad105/glibc-2.25/build-glibc-2.25/elf/rtld-libc.a(rtld-profil.os)
 .debug_abbrev  0x000000000000add6      0x2e0 /glibc-tmp-122b61b301183a6bf6f977f7d13ad105/glibc-2.25/build-glibc-2.25/elf/rtld-libc.a(rtld-prof-freq.os)
 .debug_abbrev  0x000000000000b0b6      0x188 /glibc-tmp-122b61b301183a6bf6f977f7d13ad105/glibc-2.25/build-glibc-2.25/elf/rtld-libc.a(rtld-xstat.os)
 .debug_abbrev  0x000000000000b23e      0x197 /glibc-tmp-122b61b301183a6bf6f977f7d13ad105/glibc-2.25/build-glibc-2.25/elf/rtld-libc.a(rtld-fxstat.os)
 .debug_abbrev  0x000000000000b3d5      0x188 /glibc-tmp-122b61b301183a6bf6f977f7d13ad105/glibc-2.25/build-glibc-2.25/elf/rtld-libc.a(rtld-lxstat.os)
 .debug_abbrev  0x000000000000b55d       0x14 /glibc-tmp-122b61b301183a6bf6f977f7d13ad105/glibc-2.25/build-glibc-2.25/elf/rtld-libc.a(rtld-open.os)
 .debug_abbrev  0x000000000000b571       0x14 /glibc-tmp-122b61b301183a6bf6f977f7d13ad105/glibc-2.25/build-glibc-2.25/elf/rtld-libc.a(rtld-read.os)
 .debug_abbrev  0x000000000000b585       0x14 /glibc-tmp-122b61b301183a6bf6f977f7d13ad105/glibc-2.25/build-glibc-2.25/elf/rtld-libc.a(rtld-write.os)
 .debug_abbrev  0x000000000000b599      0x193 /glibc-tmp-122b61b301183a6bf6f977f7d13ad105/glibc-2.25/build-glibc-2.25/elf/rtld-libc.a(rtld-lseek64.os)
 .debug_abbrev  0x000000000000b72c      0x2f2 /glibc-tmp-122b61b301183a6bf6f977f7d13ad105/glibc-2.25/build-glibc-2.25/elf/rtld-libc.a(rtld-access.os)
 .debug_abbrev  0x000000000000ba1e      0x34c /glibc-tmp-122b61b301183a6bf6f977f7d13ad105/glibc-2.25/build-glibc-2.25/elf/rtld-libc.a(rtld-fcntl.os)
 .debug_abbrev  0x000000000000bd6a       0x14 /glibc-tmp-122b61b301183a6bf6f977f7d13ad105/glibc-2.25/build-glibc-2.25/elf/rtld-libc.a(rtld-close.os)
 .debug_abbrev  0x000000000000bd7e      0x344 /glibc-tmp-122b61b301183a6bf6f977f7d13ad105/glibc-2.25/build-glibc-2.25/elf/rtld-libc.a(rtld-mmap.os)
 .debug_abbrev  0x000000000000c0c2       0x14 /glibc-tmp-122b61b301183a6bf6f977f7d13ad105/glibc-2.25/build-glibc-2.25/elf/rtld-libc.a(rtld-munmap.os)
 .debug_abbrev  0x000000000000c0d6       0x14 /glibc-tmp-122b61b301183a6bf6f977f7d13ad105/glibc-2.25/build-glibc-2.25/elf/rtld-libc.a(rtld-mprotect.os)
 .debug_abbrev  0x000000000000c0ea       0x14 /glibc-tmp-122b61b301183a6bf6f977f7d13ad105/glibc-2.25/build-glibc-2.25/elf/rtld-libc.a(rtld-uname.os)
 .debug_abbrev  0x000000000000c0fe      0x190 /glibc-tmp-122b61b301183a6bf6f977f7d13ad105/glibc-2.25/build-glibc-2.25/elf/rtld-libc.a(rtld-_exit.os)
 .debug_abbrev  0x000000000000c28e       0x14 /glibc-tmp-122b61b301183a6bf6f977f7d13ad105/glibc-2.25/build-glibc-2.25/elf/rtld-libc.a(rtld-getpid.os)
 .debug_abbrev  0x000000000000c2a2       0x8b /glibc-tmp-122b61b301183a6bf6f977f7d13ad105/glibc-2.25/build-glibc-2.25/elf/rtld-libc.a(rtld-environ.os)
 .debug_abbrev  0x000000000000c32d       0x14 /glibc-tmp-122b61b301183a6bf6f977f7d13ad105/glibc-2.25/build-glibc-2.25/elf/rtld-libc.a(rtld-setjmp.os)
 .debug_abbrev  0x000000000000c341       0x14 /glibc-tmp-122b61b301183a6bf6f977f7d13ad105/glibc-2.25/build-glibc-2.25/elf/rtld-libc.a(rtld-__longjmp.os)
 .debug_abbrev  0x000000000000c355      0x321 /glibc-tmp-122b61b301183a6bf6f977f7d13ad105/glibc-2.25/build-glibc-2.25/elf/rtld-libc.a(rtld-sigaction.os)
 .debug_abbrev  0x000000000000c676       0x14 /glibc-tmp-122b61b301183a6bf6f977f7d13ad105/glibc-2.25/build-glibc-2.25/elf/rtld-libc.a(rtld-strchr.os)
 .debug_abbrev  0x000000000000c68a       0x14 /glibc-tmp-122b61b301183a6bf6f977f7d13ad105/glibc-2.25/build-glibc-2.25/elf/rtld-libc.a(rtld-strcmp.os)
 .debug_abbrev  0x000000000000c69e      0x155 /glibc-tmp-122b61b301183a6bf6f977f7d13ad105/glibc-2.25/build-glibc-2.25/elf/rtld-libc.a(rtld-strdup.os)
 .debug_abbrev  0x000000000000c7f3       0x14 /glibc-tmp-122b61b301183a6bf6f977f7d13ad105/glibc-2.25/build-glibc-2.25/elf/rtld-libc.a(rtld-strlen.os)
 .debug_abbrev  0x000000000000c807       0x14 /glibc-tmp-122b61b301183a6bf6f977f7d13ad105/glibc-2.25/build-glibc-2.25/elf/rtld-libc.a(rtld-strnlen.os)
 .debug_abbrev  0x000000000000c81b       0x14 /glibc-tmp-122b61b301183a6bf6f977f7d13ad105/glibc-2.25/build-glibc-2.25/elf/rtld-libc.a(rtld-memchr.os)
 .debug_abbrev  0x000000000000c82f       0x14 /glibc-tmp-122b61b301183a6bf6f977f7d13ad105/glibc-2.25/build-glibc-2.25/elf/rtld-libc.a(rtld-memcmp.os)
 .debug_abbrev  0x000000000000c843       0x14 /glibc-tmp-122b61b301183a6bf6f977f7d13ad105/glibc-2.25/build-glibc-2.25/elf/rtld-libc.a(rtld-memmove.os)
 .debug_abbrev  0x000000000000c857       0x14 /glibc-tmp-122b61b301183a6bf6f977f7d13ad105/glibc-2.25/build-glibc-2.25/elf/rtld-libc.a(rtld-memset.os)
 .debug_abbrev  0x000000000000c86b       0x14 /glibc-tmp-122b61b301183a6bf6f977f7d13ad105/glibc-2.25/build-glibc-2.25/elf/rtld-libc.a(rtld-stpcpy.os)
 .debug_abbrev  0x000000000000c87f       0x14 /glibc-tmp-122b61b301183a6bf6f977f7d13ad105/glibc-2.25/build-glibc-2.25/elf/rtld-libc.a(rtld-rawmemchr.os)
 .debug_abbrev  0x000000000000c893       0x14 /glibc-tmp-122b61b301183a6bf6f977f7d13ad105/glibc-2.25/build-glibc-2.25/elf/rtld-libc.a(rtld-setitimer.os)

.debug_line     0x0000000000000000    0x14dba
 *(.debug_line .debug_line.* .debug_line_end)
 .debug_line    0x0000000000000000     0xf867 /glibc-tmp-122b61b301183a6bf6f977f7d13ad105/glibc-2.25/build-glibc-2.25/elf/dl-allobjs.os
 .debug_line    0x000000000000f867      0x322 /glibc-tmp-122b61b301183a6bf6f977f7d13ad105/glibc-2.25/build-glibc-2.25/elf/rtld-libc.a(rtld-check_fds.os)
 .debug_line    0x000000000000fb89      0x201 /glibc-tmp-122b61b301183a6bf6f977f7d13ad105/glibc-2.25/build-glibc-2.25/elf/rtld-libc.a(rtld-errno.os)
 .debug_line    0x000000000000fd8a      0x40e /glibc-tmp-122b61b301183a6bf6f977f7d13ad105/glibc-2.25/build-glibc-2.25/elf/rtld-libc.a(rtld-closedir.os)
 .debug_line    0x0000000000010198      0x443 /glibc-tmp-122b61b301183a6bf6f977f7d13ad105/glibc-2.25/build-glibc-2.25/elf/rtld-libc.a(rtld-readdir.os)
 .debug_line    0x00000000000105db      0x3f8 /glibc-tmp-122b61b301183a6bf6f977f7d13ad105/glibc-2.25/build-glibc-2.25/elf/rtld-libc.a(rtld-rewinddir.os)
 .debug_line    0x00000000000109d3      0x448 /glibc-tmp-122b61b301183a6bf6f977f7d13ad105/glibc-2.25/build-glibc-2.25/elf/rtld-libc.a(rtld-getdents.os)
 .debug_line    0x0000000000010e1b      0x47d /glibc-tmp-122b61b301183a6bf6f977f7d13ad105/glibc-2.25/build-glibc-2.25/elf/rtld-libc.a(rtld-fdopendir.os)
 .debug_line    0x0000000000011298      0x404 /glibc-tmp-122b61b301183a6bf6f977f7d13ad105/glibc-2.25/build-glibc-2.25/elf/rtld-libc.a(rtld-dl-addr-obj.os)
 .debug_line    0x000000000001169c      0x343 /glibc-tmp-122b61b301183a6bf6f977f7d13ad105/glibc-2.25/build-glibc-2.25/elf/rtld-libc.a(rtld-profil.os)
 .debug_line    0x00000000000119df      0x472 /glibc-tmp-122b61b301183a6bf6f977f7d13ad105/glibc-2.25/build-glibc-2.25/elf/rtld-libc.a(rtld-prof-freq.os)
 .debug_line    0x0000000000011e51      0x296 /glibc-tmp-122b61b301183a6bf6f977f7d13ad105/glibc-2.25/build-glibc-2.25/elf/rtld-libc.a(rtld-xstat.os)
 .debug_line    0x00000000000120e7      0x297 /glibc-tmp-122b61b301183a6bf6f977f7d13ad105/glibc-2.25/build-glibc-2.25/elf/rtld-libc.a(rtld-fxstat.os)
 .debug_line    0x000000000001237e      0x297 /glibc-tmp-122b61b301183a6bf6f977f7d13ad105/glibc-2.25/build-glibc-2.25/elf/rtld-libc.a(rtld-lxstat.os)
 .debug_line    0x0000000000012615       0x59 /glibc-tmp-122b61b301183a6bf6f977f7d13ad105/glibc-2.25/build-glibc-2.25/elf/rtld-libc.a(rtld-open.os)
 .debug_line    0x000000000001266e       0x59 /glibc-tmp-122b61b301183a6bf6f977f7d13ad105/glibc-2.25/build-glibc-2.25/elf/rtld-libc.a(rtld-read.os)
 .debug_line    0x00000000000126c7       0x59 /glibc-tmp-122b61b301183a6bf6f977f7d13ad105/glibc-2.25/build-glibc-2.25/elf/rtld-libc.a(rtld-write.os)
 .debug_line    0x0000000000012720      0x275 /glibc-tmp-122b61b301183a6bf6f977f7d13ad105/glibc-2.25/build-glibc-2.25/elf/rtld-libc.a(rtld-lseek64.os)
 .debug_line    0x0000000000012995      0x403 /glibc-tmp-122b61b301183a6bf6f977f7d13ad105/glibc-2.25/build-glibc-2.25/elf/rtld-libc.a(rtld-access.os)
 .debug_line    0x0000000000012d98      0x3fc /glibc-tmp-122b61b301183a6bf6f977f7d13ad105/glibc-2.25/build-glibc-2.25/elf/rtld-libc.a(rtld-fcntl.os)
 .debug_line    0x0000000000013194       0x59 /glibc-tmp-122b61b301183a6bf6f977f7d13ad105/glibc-2.25/build-glibc-2.25/elf/rtld-libc.a(rtld-close.os)
 .debug_line    0x00000000000131ed      0x4b6 /glibc-tmp-122b61b301183a6bf6f977f7d13ad105/glibc-2.25/build-glibc-2.25/elf/rtld-libc.a(rtld-mmap.os)
 .debug_line    0x00000000000136a3       0x59 /glibc-tmp-122b61b301183a6bf6f977f7d13ad105/glibc-2.25/build-glibc-2.25/elf/rtld-libc.a(rtld-munmap.os)
 .debug_line    0x00000000000136fc       0x59 /glibc-tmp-122b61b301183a6bf6f977f7d13ad105/glibc-2.25/build-glibc-2.25/elf/rtld-libc.a(rtld-mprotect.os)
 .debug_line    0x0000000000013755       0x59 /glibc-tmp-122b61b301183a6bf6f977f7d13ad105/glibc-2.25/build-glibc-2.25/elf/rtld-libc.a(rtld-uname.os)
 .debug_line    0x00000000000137ae      0x279 /glibc-tmp-122b61b301183a6bf6f977f7d13ad105/glibc-2.25/build-glibc-2.25/elf/rtld-libc.a(rtld-_exit.os)
 .debug_line    0x0000000000013a27       0x58 /glibc-tmp-122b61b301183a6bf6f977f7d13ad105/glibc-2.25/build-glibc-2.25/elf/rtld-libc.a(rtld-getpid.os)
 .debug_line    0x0000000000013a7f       0x62 /glibc-tmp-122b61b301183a6bf6f977f7d13ad105/glibc-2.25/build-glibc-2.25/elf/rtld-libc.a(rtld-environ.os)
 .debug_line    0x0000000000013ae1       0x5f /glibc-tmp-122b61b301183a6bf6f977f7d13ad105/glibc-2.25/build-glibc-2.25/elf/rtld-libc.a(rtld-setjmp.os)
 .debug_line    0x0000000000013b40       0x61 /glibc-tmp-122b61b301183a6bf6f977f7d13ad105/glibc-2.25/build-glibc-2.25/elf/rtld-libc.a(rtld-__longjmp.os)
 .debug_line    0x0000000000013ba1      0x4bd /glibc-tmp-122b61b301183a6bf6f977f7d13ad105/glibc-2.25/build-glibc-2.25/elf/rtld-libc.a(rtld-sigaction.os)
 .debug_line    0x000000000001405e       0xde /glibc-tmp-122b61b301183a6bf6f977f7d13ad105/glibc-2.25/build-glibc-2.25/elf/rtld-libc.a(rtld-strchr.os)
 .debug_line    0x000000000001413c      0x49c /glibc-tmp-122b61b301183a6bf6f977f7d13ad105/glibc-2.25/build-glibc-2.25/elf/rtld-libc.a(rtld-strcmp.os)
 .debug_line    0x00000000000145d8       0xbb /glibc-tmp-122b61b301183a6bf6f977f7d13ad105/glibc-2.25/build-glibc-2.25/elf/rtld-libc.a(rtld-strdup.os)
 .debug_line    0x0000000000014693       0x98 /glibc-tmp-122b61b301183a6bf6f977f7d13ad105/glibc-2.25/build-glibc-2.25/elf/rtld-libc.a(rtld-strlen.os)
 .debug_line    0x000000000001472b       0x98 /glibc-tmp-122b61b301183a6bf6f977f7d13ad105/glibc-2.25/build-glibc-2.25/elf/rtld-libc.a(rtld-strnlen.os)
 .debug_line    0x00000000000147c3      0x11a /glibc-tmp-122b61b301183a6bf6f977f7d13ad105/glibc-2.25/build-glibc-2.25/elf/rtld-libc.a(rtld-memchr.os)
 .debug_line    0x00000000000148dd      0x159 /glibc-tmp-122b61b301183a6bf6f977f7d13ad105/glibc-2.25/build-glibc-2.25/elf/rtld-libc.a(rtld-memcmp.os)
 .debug_line    0x0000000000014a36      0x109 /glibc-tmp-122b61b301183a6bf6f977f7d13ad105/glibc-2.25/build-glibc-2.25/elf/rtld-libc.a(rtld-memmove.os)
 .debug_line    0x0000000000014b3f       0xb8 /glibc-tmp-122b61b301183a6bf6f977f7d13ad105/glibc-2.25/build-glibc-2.25/elf/rtld-libc.a(rtld-memset.os)
 .debug_line    0x0000000000014bf7       0xa2 /glibc-tmp-122b61b301183a6bf6f977f7d13ad105/glibc-2.25/build-glibc-2.25/elf/rtld-libc.a(rtld-stpcpy.os)
 .debug_line    0x0000000000014c99       0xc8 /glibc-tmp-122b61b301183a6bf6f977f7d13ad105/glibc-2.25/build-glibc-2.25/elf/rtld-libc.a(rtld-rawmemchr.os)
 .debug_line    0x0000000000014d61       0x59 /glibc-tmp-122b61b301183a6bf6f977f7d13ad105/glibc-2.25/build-glibc-2.25/elf/rtld-libc.a(rtld-setitimer.os)

.debug_frame
 *(.debug_frame)

.debug_str      0x0000000000000000    0x6a6fa
 *(.debug_str)
 .debug_str     0x0000000000000000    0x5476c /glibc-tmp-122b61b301183a6bf6f977f7d13ad105/glibc-2.25/build-glibc-2.25/elf/dl-allobjs.os
 .debug_str     0x000000000005476c      0x7bc /glibc-tmp-122b61b301183a6bf6f977f7d13ad105/glibc-2.25/build-glibc-2.25/elf/rtld-libc.a(rtld-check_fds.os)
 .debug_str     0x0000000000054f28      0x549 /glibc-tmp-122b61b301183a6bf6f977f7d13ad105/glibc-2.25/build-glibc-2.25/elf/rtld-libc.a(rtld-errno.os)
 .debug_str     0x0000000000055471     0x1652 /glibc-tmp-122b61b301183a6bf6f977f7d13ad105/glibc-2.25/build-glibc-2.25/elf/rtld-libc.a(rtld-closedir.os)
 .debug_str     0x0000000000056ac3     0x16c0 /glibc-tmp-122b61b301183a6bf6f977f7d13ad105/glibc-2.25/build-glibc-2.25/elf/rtld-libc.a(rtld-readdir.os)
 .debug_str     0x0000000000058183     0x1605 /glibc-tmp-122b61b301183a6bf6f977f7d13ad105/glibc-2.25/build-glibc-2.25/elf/rtld-libc.a(rtld-rewinddir.os)
 .debug_str     0x0000000000059788     0x1756 /glibc-tmp-122b61b301183a6bf6f977f7d13ad105/glibc-2.25/build-glibc-2.25/elf/rtld-libc.a(rtld-getdents.os)
 .debug_str     0x000000000005aede     0x1766 /glibc-tmp-122b61b301183a6bf6f977f7d13ad105/glibc-2.25/build-glibc-2.25/elf/rtld-libc.a(rtld-fdopendir.os)
 .debug_str     0x000000000005c644     0x1c64 /glibc-tmp-122b61b301183a6bf6f977f7d13ad105/glibc-2.25/build-glibc-2.25/elf/rtld-libc.a(rtld-dl-addr-obj.os)
 .debug_str     0x000000000005e2a8      0x83b /glibc-tmp-122b61b301183a6bf6f977f7d13ad105/glibc-2.25/build-glibc-2.25/elf/rtld-libc.a(rtld-profil.os)
 .debug_str     0x000000000005eae3     0x26bd /glibc-tmp-122b61b301183a6bf6f977f7d13ad105/glibc-2.25/build-glibc-2.25/elf/rtld-libc.a(rtld-prof-freq.os)
 .debug_str     0x00000000000611a0      0x6b2 /glibc-tmp-122b61b301183a6bf6f977f7d13ad105/glibc-2.25/build-glibc-2.25/elf/rtld-libc.a(rtld-xstat.os)
 .debug_str     0x0000000000061852      0x6b0 /glibc-tmp-122b61b301183a6bf6f977f7d13ad105/glibc-2.25/build-glibc-2.25/elf/rtld-libc.a(rtld-fxstat.os)
 .debug_str     0x0000000000061f02      0x6b5 /glibc-tmp-122b61b301183a6bf6f977f7d13ad105/glibc-2.25/build-glibc-2.25/elf/rtld-libc.a(rtld-lxstat.os)
 .debug_str     0x00000000000625b7      0x65d /glibc-tmp-122b61b301183a6bf6f977f7d13ad105/glibc-2.25/build-glibc-2.25/elf/rtld-libc.a(rtld-lseek64.os)
 .debug_str     0x0000000000062c14     0x180c /glibc-tmp-122b61b301183a6bf6f977f7d13ad105/glibc-2.25/build-glibc-2.25/elf/rtld-libc.a(rtld-access.os)
 .debug_str     0x0000000000064420     0x1806 /glibc-tmp-122b61b301183a6bf6f977f7d13ad105/glibc-2.25/build-glibc-2.25/elf/rtld-libc.a(rtld-fcntl.os)
 .debug_str     0x0000000000065c26     0x2744 /glibc-tmp-122b61b301183a6bf6f977f7d13ad105/glibc-2.25/build-glibc-2.25/elf/rtld-libc.a(rtld-mmap.os)
 .debug_str     0x000000000006836a      0x622 /glibc-tmp-122b61b301183a6bf6f977f7d13ad105/glibc-2.25/build-glibc-2.25/elf/rtld-libc.a(rtld-_exit.os)
 .debug_str     0x000000000006898c      0x210 /glibc-tmp-122b61b301183a6bf6f977f7d13ad105/glibc-2.25/build-glibc-2.25/elf/rtld-libc.a(rtld-environ.os)
 .debug_str     0x0000000000068b9c     0x1961 /glibc-tmp-122b61b301183a6bf6f977f7d13ad105/glibc-2.25/build-glibc-2.25/elf/rtld-libc.a(rtld-sigaction.os)
 .debug_str     0x000000000006a4fd      0x1fd /glibc-tmp-122b61b301183a6bf6f977f7d13ad105/glibc-2.25/build-glibc-2.25/elf/rtld-libc.a(rtld-strdup.os)

.debug_loc      0x0000000000000000    0x341d7
 *(.debug_loc)
 .debug_loc     0x0000000000000000    0x31eed /glibc-tmp-122b61b301183a6bf6f977f7d13ad105/glibc-2.25/build-glibc-2.25/elf/dl-allobjs.os
 .debug_loc     0x0000000000031eed      0x390 /glibc-tmp-122b61b301183a6bf6f977f7d13ad105/glibc-2.25/build-glibc-2.25/elf/rtld-libc.a(rtld-check_fds.os)
 .debug_loc     0x000000000003227d      0x141 /glibc-tmp-122b61b301183a6bf6f977f7d13ad105/glibc-2.25/build-glibc-2.25/elf/rtld-libc.a(rtld-closedir.os)
 .debug_loc     0x00000000000323be      0x1bb /glibc-tmp-122b61b301183a6bf6f977f7d13ad105/glibc-2.25/build-glibc-2.25/elf/rtld-libc.a(rtld-readdir.os)
 .debug_loc     0x0000000000032579       0x4c /glibc-tmp-122b61b301183a6bf6f977f7d13ad105/glibc-2.25/build-glibc-2.25/elf/rtld-libc.a(rtld-rewinddir.os)
 .debug_loc     0x00000000000325c5      0x321 /glibc-tmp-122b61b301183a6bf6f977f7d13ad105/glibc-2.25/build-glibc-2.25/elf/rtld-libc.a(rtld-getdents.os)
 .debug_loc     0x00000000000328e6       0xbe /glibc-tmp-122b61b301183a6bf6f977f7d13ad105/glibc-2.25/build-glibc-2.25/elf/rtld-libc.a(rtld-fdopendir.os)
 .debug_loc     0x00000000000329a4       0x65 /glibc-tmp-122b61b301183a6bf6f977f7d13ad105/glibc-2.25/build-glibc-2.25/elf/rtld-libc.a(rtld-dl-addr-obj.os)
 .debug_loc     0x0000000000032a09      0x216 /glibc-tmp-122b61b301183a6bf6f977f7d13ad105/glibc-2.25/build-glibc-2.25/elf/rtld-libc.a(rtld-profil.os)
 .debug_loc     0x0000000000032c1f      0x182 /glibc-tmp-122b61b301183a6bf6f977f7d13ad105/glibc-2.25/build-glibc-2.25/elf/rtld-libc.a(rtld-xstat.os)
 .debug_loc     0x0000000000032da1      0x177 /glibc-tmp-122b61b301183a6bf6f977f7d13ad105/glibc-2.25/build-glibc-2.25/elf/rtld-libc.a(rtld-fxstat.os)
 .debug_loc     0x0000000000032f18      0x182 /glibc-tmp-122b61b301183a6bf6f977f7d13ad105/glibc-2.25/build-glibc-2.25/elf/rtld-libc.a(rtld-lxstat.os)
 .debug_loc     0x000000000003309a       0xd7 /glibc-tmp-122b61b301183a6bf6f977f7d13ad105/glibc-2.25/build-glibc-2.25/elf/rtld-libc.a(rtld-lseek64.os)
 .debug_loc     0x0000000000033171      0x133 /glibc-tmp-122b61b301183a6bf6f977f7d13ad105/glibc-2.25/build-glibc-2.25/elf/rtld-libc.a(rtld-access.os)
 .debug_loc     0x00000000000332a4      0x27a /glibc-tmp-122b61b301183a6bf6f977f7d13ad105/glibc-2.25/build-glibc-2.25/elf/rtld-libc.a(rtld-fcntl.os)
 .debug_loc     0x000000000003351e      0x6e0 /glibc-tmp-122b61b301183a6bf6f977f7d13ad105/glibc-2.25/build-glibc-2.25/elf/rtld-libc.a(rtld-mmap.os)
 .debug_loc     0x0000000000033bfe      0x158 /glibc-tmp-122b61b301183a6bf6f977f7d13ad105/glibc-2.25/build-glibc-2.25/elf/rtld-libc.a(rtld-_exit.os)
 .debug_loc     0x0000000000033d56      0x37a /glibc-tmp-122b61b301183a6bf6f977f7d13ad105/glibc-2.25/build-glibc-2.25/elf/rtld-libc.a(rtld-sigaction.os)
 .debug_loc     0x00000000000340d0      0x107 /glibc-tmp-122b61b301183a6bf6f977f7d13ad105/glibc-2.25/build-glibc-2.25/elf/rtld-libc.a(rtld-strdup.os)

.debug_macinfo
 *(.debug_macinfo)

.debug_weaknames
 *(.debug_weaknames)

.debug_funcnames
 *(.debug_funcnames)

.debug_typenames
 *(.debug_typenames)

.debug_varnames
 *(.debug_varnames)

.debug_pubtypes
 *(.debug_pubtypes)

.debug_ranges   0x0000000000000000     0x8c90
 *(.debug_ranges)
 .debug_ranges  0x0000000000000000     0x8700 /glibc-tmp-122b61b301183a6bf6f977f7d13ad105/glibc-2.25/build-glibc-2.25/elf/dl-allobjs.os
 .debug_ranges  0x0000000000008700       0x90 /glibc-tmp-122b61b301183a6bf6f977f7d13ad105/glibc-2.25/build-glibc-2.25/elf/rtld-libc.a(rtld-check_fds.os)
 .debug_ranges  0x0000000000008790       0x30 /glibc-tmp-122b61b301183a6bf6f977f7d13ad105/glibc-2.25/build-glibc-2.25/elf/rtld-libc.a(rtld-closedir.os)
 .debug_ranges  0x00000000000087c0       0xa0 /glibc-tmp-122b61b301183a6bf6f977f7d13ad105/glibc-2.25/build-glibc-2.25/elf/rtld-libc.a(rtld-readdir.os)
 .debug_ranges  0x0000000000008860       0xd0 /glibc-tmp-122b61b301183a6bf6f977f7d13ad105/glibc-2.25/build-glibc-2.25/elf/rtld-libc.a(rtld-getdents.os)